******************************************************************************
                  TI ARM Linker PC v20.2.7                     
******************************************************************************
>> Linked Thu Oct 30 15:14:02 2025

OUTPUT FILE NAME:   <inc.out>
ENTRY POINT SYMBOL: "_c_int00_noargs"  address: 000019e9


MEMORY CONFIGURATION

         name            origin    length      used     unused   attr    fill
----------------------  --------  ---------  --------  --------  ----  --------
  MAIN                  00000000   00040000  00001a7c  0003e584  R  X
  INFO                  00200000   00004000  00000000  00004000  R  X
  SRAM_CODE             01000000   00010000  00000a49  0000f5b7  RW X
  SRAM_DATA             20000000   00010000  00000a49  0000f5b7  RW  


SEGMENT ALLOCATION MAP

run origin  load origin   length   init length attrs members
----------  ----------- ---------- ----------- ----- -------
00000000    00000000    00001a80   00001a80    r-x
  00000000    00000000    000000e4   000000e4    r-- .intvecs
  000000e4    000000e4    00001968   00001968    r-x .text
  00001a50    00001a50    00000030   00000030    r-- .cinit
20000000    20000000    00000850   00000000    rw-
  20000000    20000000    00000431   00000000    rw- .bss
  20000438    20000438    00000400   00000000    rw- .sysmem
  20000838    20000838    00000018   00000000    rw- .data
2000fe00    2000fe00    00000200   00000000    rw-
  2000fe00    2000fe00    00000200   00000000    rw- .stack


SECTION ALLOCATION MAP

 output                                  attributes/
section   page    origin      length       input sections
--------  ----  ----------  ----------   ----------------
.intvecs   0    00000000    000000e4     
                  00000000    000000e4     startup_msp432p401r_ccs.obj (.intvecs:retain)

.text      0    000000e4    00001968     
                  000000e4    00000630     TExaS.obj (.text)
                  00000714    000005ba     EUSCIA0.obj (.text)
                  00000cce    00000002     incmain.obj (.text)
                  00000cd0    0000032c     system_msp432p401r.obj (.text)
                  00000ffc    00000210     FIFO0.obj (.text)
                  0000120c    000001a4     UART1.obj (.text)
                  000013b0    00000174     Bump.obj (.text)
                  00001524    00000104     TA3InputCapture.obj (.text)
                  00001628    000000ac     TimerA0.obj (.text)
                  000016d4    000000a8     TimerA1.obj (.text)
                  0000177c    000000a8     TimerA2.obj (.text)
                  00001824    0000009c     rtsv7M4_T_le_v4SPD16_eabi.lib : memcpy_t2.asm.obj (.text)
                  000018c0    0000007a                                   : memset_t2.asm.obj (.text)
                  0000193a    00000068                                   : copy_decompress_lzss.c.obj (.text:decompress:lzss:__TI_decompress_lzss)
                  000019a2    00000002     --HOLE-- [fill = 0]
                  000019a4    00000044                                   : autoinit.c.obj (.text:__TI_auto_init_nobinit_nopinit:__TI_auto_init_nobinit_nopinit)
                  000019e8    00000034                                   : boot_cortex_m.c.obj (.text:_c_int00_noargs:_c_int00_noargs)
                  00001a1c    0000000e                                   : copy_decompress_none.c.obj (.text:decompress:none:__TI_decompress_none)
                  00001a2a    0000000e     startup_msp432p401r_ccs.obj (.text)
                  00001a38    0000000c     rtsv7M4_T_le_v4SPD16_eabi.lib : copy_zero_init.c.obj (.text:decompress:ZI:__TI_zero_init)
                  00001a44    00000004                                   : pre_init.c.obj (.text:_system_pre_init)
                  00001a48    00000004                                   : exit.c.obj (.text:abort:abort)

.cinit     0    00001a50    00000030     
                  00001a50    0000000c     (.cinit..data.load) [load image, compression = lzss]
                  00001a5c    0000000c     (__TI_handler_table)
                  00001a68    00000008     (.cinit..bss.load) [load image, compression = zero_init]
                  00001a70    00000010     (__TI_cinit_table)

.init_array 
*          0    00000000    00000000     UNINITIALIZED

.binit     0    00000000    00000000     

.bss       0    20000000    00000431     UNINITIALIZED
                  20000000    00000200     (.common:TxHistogram)
                  20000200    00000100     (.common:RxFIFO)
                  20000300    00000082     (.common:RxFifo0)
                  20000382    00000082     (.common:TxFifo0)
                  20000404    00000008     (.common:Messagec)
                  2000040c    00000004     (.common:Messageindexc)
                  20000410    00000004     (.common:PeriodicTask2)
                  20000414    00000004     (.common:Port4Task)
                  20000418    00000004     (.common:RxFifoLost)
                  2000041c    00000004     (.common:RxGetI)
                  20000420    00000004     (.common:RxPutI)
                  20000424    00000004     (.common:TimerA0Task)
                  20000428    00000004     (.common:TimerA1Task)
                  2000042c    00000004     (.common:TimerA2Task)
                  20000430    00000001     (.common:LogicData)

.sysmem    0    20000438    00000400     UNINITIALIZED
                  20000438    00000010     rtsv7M4_T_le_v4SPD16_eabi.lib : memory.c.obj (.sysmem)
                  20000448    000003f0     --HOLE--

.data      0    20000838    00000018     UNINITIALIZED
                  20000838    0000000c     TExaS.obj (.data)
                  20000844    00000008     TA3InputCapture.obj (.data)
                  2000084c    00000004     system_msp432p401r.obj (.data)

.stack     0    2000fe00    00000200     UNINITIALIZED
                  2000fe00    00000004     rtsv7M4_T_le_v4SPD16_eabi.lib : boot_cortex_m.c.obj (.stack)
                  2000fe04    000001fc     --HOLE--

__llvm_prf_cnts 
*          0    20000000    00000000     UNINITIALIZED

MODULE SUMMARY

       Module                        code   ro data   rw data
       ------                        ----   -------   -------
    .\
       FIFO0.obj                     528    0         1544   
       TExaS.obj                     1584   0         34     
       EUSCIA0.obj                   1466   0         24     
       UART1.obj                     420    0         536    
       system_msp432p401r.obj        812    0         8      
       Bump.obj                      372    0         8      
       TA3InputCapture.obj           260    0         16     
       startup_msp432p401r_ccs.obj   14     228       0      
       TimerA0.obj                   172    0         8      
       TimerA1.obj                   168    0         8      
       TimerA2.obj                   168    0         8      
       incmain.obj                   2      0         0      
    +--+-----------------------------+------+---------+---------+
       Total:                        5966   228       2194   
                                                             
    C:\ti\ccs2020\ccs\tools\compiler\lib\rtsv7M4_T_le_v4SPD16_eabi.lib
       memcpy_t2.asm.obj             156    0         0      
       memset_t2.asm.obj             122    0         0      
       copy_decompress_lzss.c.obj    104    0         0      
       autoinit.c.obj                68     0         0      
       boot_cortex_m.c.obj           52     0         0      
       copy_decompress_none.c.obj    14     0         0      
       copy_zero_init.c.obj          12     0         0      
       exit.c.obj                    4      0         0      
       pre_init.c.obj                4      0         0      
    +--+-----------------------------+------+---------+---------+
       Total:                        536    0         0      
                                                             
       Heap:                         0      0         2048   
       Stack:                        0      0         1024   
       Linker Generated:             0      48        0      
    +--+-----------------------------+------+---------+---------+
       Grand Total:                  6502   276       5266   


LINKER GENERATED COPY TABLES

__TI_cinit_table @ 00001a70 records: 2, size/record: 8, table size: 16
	.data: load addr=00001a50, load size=0000000c bytes, run addr=20000838, run size=00000018 bytes, compression=lzss
	.bss: load addr=00001a68, load size=00000008 bytes, run addr=20000000, run size=00000431 bytes, compression=zero_init


LINKER GENERATED HANDLER TABLE

__TI_handler_table @ 00001a5c records: 3, size/record: 4, table size: 12
	index: 0, handler: __TI_decompress_lzss
	index: 1, handler: __TI_decompress_none
	index: 2, handler: __TI_zero_init


GLOBAL SYMBOLS: SORTED ALPHABETICALLY BY Name 

address   name                          
-------   ----                          
00001a37  ADC14_IRQHandler              
00000475  ADC_Init                      
00001a37  AES256_IRQHandler             
000013b1  Bump_Init                     
0000142b  Bump_Read                     
00001a37  BusFault_Handler              
00001a49  C$$EXIT                       
00001a37  COMP_E0_IRQHandler            
00001a37  COMP_E1_IRQHandler            
00001a37  CS_IRQHandler                 
20000844  CaptureTask0                  
20000848  CaptureTask2                  
00001a37  DMA_ERR_IRQHandler            
00001a37  DMA_INT0_IRQHandler           
00001a37  DMA_INT1_IRQHandler           
00001a37  DMA_INT2_IRQHandler           
00001a37  DMA_INT3_IRQHandler           
00001a37  DebugMon_Handler              
00001a37  Default_Handler               
000007a7  EUSCIA0_IRQHandler            
000007a7  EUSCIA0_IRQHandler            
0000077b  EUSCIA0_InChar                
00000c45  EUSCIA0_InString              
000007fb  EUSCIA0_InUDec                
00000af9  EUSCIA0_InUHex                
00000715  EUSCIA0_Init                  
0000078d  EUSCIA0_OutChar               
000007dd  EUSCIA0_OutString             
0000087f  EUSCIA0_OutUDec               
00000a11  EUSCIA0_OutUDec4              
00000a49  EUSCIA0_OutUDec5              
00000a85  EUSCIA0_OutUFix1              
00000aad  EUSCIA0_OutUFix2              
00000bc1  EUSCIA0_OutUHex               
00000c27  EUSCIA0_OutUHex2              
00000c05  EUSCIA0outnibble              
00001a37  EUSCIA1_IRQHandler            
00001335  EUSCIA2_IRQHandler            
00001335  EUSCIA2_IRQHandler            
00001a37  EUSCIA3_IRQHandler            
00001a37  EUSCIB0_IRQHandler            
00001a37  EUSCIB1_IRQHandler            
00001a37  EUSCIB2_IRQHandler            
00001a37  EUSCIB3_IRQHandler            
00001a37  FLCTL_IRQHandler              
00001a37  FPU_IRQHandler                
00001a37  HardFault_Handler             
000000e5  LogicAnalyzer                 
000000ef  LogicAnalyzer_P1              
000001c5  LogicAnalyzer_P10             
000000fd  LogicAnalyzer_P2              
0000010b  LogicAnalyzer_P2_7654         
0000011b  LogicAnalyzer_P3              
00000129  LogicAnalyzer_P4              
00000147  LogicAnalyzer_P4_765320       
00000137  LogicAnalyzer_P4_765432       
0000017f  LogicAnalyzer_P5              
0000018d  LogicAnalyzer_P6              
0000019b  LogicAnalyzer_P7              
000001a9  LogicAnalyzer_P8              
000001b7  LogicAnalyzer_P9              
20000430  LogicData                     
00001a37  MemManage_Handler             
20000404  Messagec                      
2000040c  Messageindexc                 
00001a37  NMI_Handler                   
00001a37  PCM_IRQHandler                
00001a37  PORT1_IRQHandler              
00001a37  PORT2_IRQHandler              
00001a37  PORT3_IRQHandler              
000014cb  PORT4_IRQHandler              
000014cb  PORT4_IRQHandler              
00001a37  PORT5_IRQHandler              
00001a37  PORT6_IRQHandler              
00001a37  PSS_IRQHandler                
00001a37  PendSV_Handler                
20000410  PeriodicTask2                 
00000257  PeriodicTask2_Init            
000002d1  PeriodicTask2_Stop            
20000414  Port4Task                     
00001a37  RTC_C_IRQHandler              
00001a2b  Reset_Handler                 
20000200  RxFIFO                        
20000300  RxFifo0                       
00001177  RxFifo0_Get                   
0000111d  RxFifo0_Init                  
00001129  RxFifo0_Put                   
000011b5  RxFifo0_Size                  
20000418  RxFifoLost                    
00001265  RxFifo_Get                    
0000120d  RxFifo_Init                   
0000121f  RxFifo_Put                    
2000041c  RxGetI                        
20000420  RxPutI                        
00001a37  SVC_Handler                   
000001d3  Scope                         
00001a37  SysTick_Handler               
2000084c  SystemCoreClock               
00000cd1  SystemCoreClockUpdate         
00000f45  SystemInit                    
000002c1  T32_INT1_IRQHandler           
000002c1  T32_INT1_IRQHandler           
00001a37  T32_INT2_IRQHandler           
00001a37  T32_INTC_IRQHandler           
000016a3  TA0_0_IRQHandler              
000016a3  TA0_0_IRQHandler              
00001a37  TA0_N_IRQHandler              
00001747  TA1_0_IRQHandler              
00001747  TA1_0_IRQHandler              
00001a37  TA1_N_IRQHandler              
000017ef  TA2_0_IRQHandler              
000017ef  TA2_0_IRQHandler              
00001a37  TA2_N_IRQHandler              
000015b7  TA3_0_IRQHandler              
000015b7  TA3_0_IRQHandler              
000015d1  TA3_N_IRQHandler              
000015d1  TA3_N_IRQHandler              
00000413  TExaS_Clear0                  
0000041f  TExaS_Clear1                  
0000042b  TExaS_Clear2                  
00000437  TExaS_Clear3                  
00000443  TExaS_Clear4                  
00000445  TExaS_Clear5                  
00000451  TExaS_Clear6                  
00000551  TExaS_Init                    
2000083c  TExaS_ScopeErrConflict        
20000838  TExaS_ScopeErrLostData        
20000840  TExaS_ScopeWrnReconfig        
000003b1  TExaS_Set                     
000003c9  TExaS_Set0                    
000003d5  TExaS_Set1                    
000003e1  TExaS_Set2                    
000003ed  TExaS_Set3                    
000003f9  TExaS_Set4                    
000003fb  TExaS_Set5                    
00000407  TExaS_Set6                    
000006b1  TExaS_Stop                    
00000367  TExaS_Task0                   
00000373  TExaS_Task1                   
0000037f  TExaS_Task2                   
0000038b  TExaS_Task3                   
00000397  TExaS_Task4                   
00000399  TExaS_Task5                   
000003a5  TExaS_Task6                   
20000424  TimerA0Task                   
00001629  TimerA0_Init                  
0000168d  TimerA0_Stop                  
20000428  TimerA1Task                   
000016d5  TimerA1_Init                  
00001733  TimerA1_Stop                  
2000042c  TimerA2Task                   
0000177d  TimerA2_Init                  
000017db  TimerA2_Stop                  
00001531  TimerA3Capture_Init           
20000382  TxFifo0                       
00001089  TxFifo0_Get                   
00000ffd  TxFifo0_Init                  
0000102f  TxFifo0_Put                   
000010c7  TxFifo0_Size                  
20000000  TxHistogram                   
00001369  UART1_FinishOutput            
00001307  UART1_InChar                  
0000129b  UART1_InStatus                
000012ab  UART1_Init                    
00001319  UART1_OutChar                 
0000134b  UART1_OutString               
0000033b  UART_InChar                   
000002e1  UART_Init                     
0000034b  UART_OutChar                  
00001a37  UsageFault_Handler            
4000480c  WDTCTL_SYM                    
00001a37  WDT_A_IRQHandler              
20010000  __STACK_END                   
00000200  __STACK_SIZE                  
00000400  __SYSMEM_SIZE                 
00001a70  __TI_CINIT_Base               
00001a80  __TI_CINIT_Limit              
00001a5c  __TI_Handler_Table_Base       
00001a68  __TI_Handler_Table_Limit      
000019a5  __TI_auto_init_nobinit_nopinit
0000193b  __TI_decompress_lzss          
00001a1d  __TI_decompress_none          
ffffffff  __TI_pprof_out_hndl           
ffffffff  __TI_prof_data_size           
ffffffff  __TI_prof_data_start          
00000000  __TI_static_base__            
00001a39  __TI_zero_init                
000018c1  __aeabi_memclr                
000018c1  __aeabi_memclr4               
000018c1  __aeabi_memclr8               
00001825  __aeabi_memcpy                
00001825  __aeabi_memcpy4               
00001825  __aeabi_memcpy8               
000018c3  __aeabi_memset                
000018c3  __aeabi_memset4               
000018c3  __aeabi_memset8               
ffffffff  __binit__                     
ffffffff  __c_args__                    
UNDEFED   __mpu_init                    
2000fe00  __stack                       
20000000  __start___llvm_prf_cnts       
20000000  __stop___llvm_prf_cnts        
000019e9  _c_int00_noargs               
20000438  _sys_memory                   
UNDEFED   _system_post_cinit            
00001a45  _system_pre_init              
00001a49  abort                         
ffffffff  binit                         
00000000  interruptVectors              
00000ccf  main                          
00001825  memcpy                        
000018c9  memset                        
00001525  ta3dummy                      


GLOBAL SYMBOLS: SORTED BY Symbol Address 

address   name                          
-------   ----                          
00000000  __TI_static_base__            
00000000  interruptVectors              
000000e5  LogicAnalyzer                 
000000ef  LogicAnalyzer_P1              
000000fd  LogicAnalyzer_P2              
0000010b  LogicAnalyzer_P2_7654         
0000011b  LogicAnalyzer_P3              
00000129  LogicAnalyzer_P4              
00000137  LogicAnalyzer_P4_765432       
00000147  LogicAnalyzer_P4_765320       
0000017f  LogicAnalyzer_P5              
0000018d  LogicAnalyzer_P6              
0000019b  LogicAnalyzer_P7              
000001a9  LogicAnalyzer_P8              
000001b7  LogicAnalyzer_P9              
000001c5  LogicAnalyzer_P10             
000001d3  Scope                         
00000200  __STACK_SIZE                  
00000257  PeriodicTask2_Init            
000002c1  T32_INT1_IRQHandler           
000002c1  T32_INT1_IRQHandler           
000002d1  PeriodicTask2_Stop            
000002e1  UART_Init                     
0000033b  UART_InChar                   
0000034b  UART_OutChar                  
00000367  TExaS_Task0                   
00000373  TExaS_Task1                   
0000037f  TExaS_Task2                   
0000038b  TExaS_Task3                   
00000397  TExaS_Task4                   
00000399  TExaS_Task5                   
000003a5  TExaS_Task6                   
000003b1  TExaS_Set                     
000003c9  TExaS_Set0                    
000003d5  TExaS_Set1                    
000003e1  TExaS_Set2                    
000003ed  TExaS_Set3                    
000003f9  TExaS_Set4                    
000003fb  TExaS_Set5                    
00000400  __SYSMEM_SIZE                 
00000407  TExaS_Set6                    
00000413  TExaS_Clear0                  
0000041f  TExaS_Clear1                  
0000042b  TExaS_Clear2                  
00000437  TExaS_Clear3                  
00000443  TExaS_Clear4                  
00000445  TExaS_Clear5                  
00000451  TExaS_Clear6                  
00000475  ADC_Init                      
00000551  TExaS_Init                    
000006b1  TExaS_Stop                    
00000715  EUSCIA0_Init                  
0000077b  EUSCIA0_InChar                
0000078d  EUSCIA0_OutChar               
000007a7  EUSCIA0_IRQHandler            
000007a7  EUSCIA0_IRQHandler            
000007dd  EUSCIA0_OutString             
000007fb  EUSCIA0_InUDec                
0000087f  EUSCIA0_OutUDec               
00000a11  EUSCIA0_OutUDec4              
00000a49  EUSCIA0_OutUDec5              
00000a85  EUSCIA0_OutUFix1              
00000aad  EUSCIA0_OutUFix2              
00000af9  EUSCIA0_InUHex                
00000bc1  EUSCIA0_OutUHex               
00000c05  EUSCIA0outnibble              
00000c27  EUSCIA0_OutUHex2              
00000c45  EUSCIA0_InString              
00000ccf  main                          
00000cd1  SystemCoreClockUpdate         
00000f45  SystemInit                    
00000ffd  TxFifo0_Init                  
0000102f  TxFifo0_Put                   
00001089  TxFifo0_Get                   
000010c7  TxFifo0_Size                  
0000111d  RxFifo0_Init                  
00001129  RxFifo0_Put                   
00001177  RxFifo0_Get                   
000011b5  RxFifo0_Size                  
0000120d  RxFifo_Init                   
0000121f  RxFifo_Put                    
00001265  RxFifo_Get                    
0000129b  UART1_InStatus                
000012ab  UART1_Init                    
00001307  UART1_InChar                  
00001319  UART1_OutChar                 
00001335  EUSCIA2_IRQHandler            
00001335  EUSCIA2_IRQHandler            
0000134b  UART1_OutString               
00001369  UART1_FinishOutput            
000013b1  Bump_Init                     
0000142b  Bump_Read                     
000014cb  PORT4_IRQHandler              
000014cb  PORT4_IRQHandler              
00001525  ta3dummy                      
00001531  TimerA3Capture_Init           
000015b7  TA3_0_IRQHandler              
000015b7  TA3_0_IRQHandler              
000015d1  TA3_N_IRQHandler              
000015d1  TA3_N_IRQHandler              
00001629  TimerA0_Init                  
0000168d  TimerA0_Stop                  
000016a3  TA0_0_IRQHandler              
000016a3  TA0_0_IRQHandler              
000016d5  TimerA1_Init                  
00001733  TimerA1_Stop                  
00001747  TA1_0_IRQHandler              
00001747  TA1_0_IRQHandler              
0000177d  TimerA2_Init                  
000017db  TimerA2_Stop                  
000017ef  TA2_0_IRQHandler              
000017ef  TA2_0_IRQHandler              
00001825  __aeabi_memcpy                
00001825  __aeabi_memcpy4               
00001825  __aeabi_memcpy8               
00001825  memcpy                        
000018c1  __aeabi_memclr                
000018c1  __aeabi_memclr4               
000018c1  __aeabi_memclr8               
000018c3  __aeabi_memset                
000018c3  __aeabi_memset4               
000018c3  __aeabi_memset8               
000018c9  memset                        
0000193b  __TI_decompress_lzss          
000019a5  __TI_auto_init_nobinit_nopinit
000019e9  _c_int00_noargs               
00001a1d  __TI_decompress_none          
00001a2b  Reset_Handler                 
00001a37  ADC14_IRQHandler              
00001a37  AES256_IRQHandler             
00001a37  BusFault_Handler              
00001a37  COMP_E0_IRQHandler            
00001a37  COMP_E1_IRQHandler            
00001a37  CS_IRQHandler                 
00001a37  DMA_ERR_IRQHandler            
00001a37  DMA_INT0_IRQHandler           
00001a37  DMA_INT1_IRQHandler           
00001a37  DMA_INT2_IRQHandler           
00001a37  DMA_INT3_IRQHandler           
00001a37  DebugMon_Handler              
00001a37  Default_Handler               
00001a37  EUSCIA1_IRQHandler            
00001a37  EUSCIA3_IRQHandler            
00001a37  EUSCIB0_IRQHandler            
00001a37  EUSCIB1_IRQHandler            
00001a37  EUSCIB2_IRQHandler            
00001a37  EUSCIB3_IRQHandler            
00001a37  FLCTL_IRQHandler              
00001a37  FPU_IRQHandler                
00001a37  HardFault_Handler             
00001a37  MemManage_Handler             
00001a37  NMI_Handler                   
00001a37  PCM_IRQHandler                
00001a37  PORT1_IRQHandler              
00001a37  PORT2_IRQHandler              
00001a37  PORT3_IRQHandler              
00001a37  PORT5_IRQHandler              
00001a37  PORT6_IRQHandler              
00001a37  PSS_IRQHandler                
00001a37  PendSV_Handler                
00001a37  RTC_C_IRQHandler              
00001a37  SVC_Handler                   
00001a37  SysTick_Handler               
00001a37  T32_INT2_IRQHandler           
00001a37  T32_INTC_IRQHandler           
00001a37  TA0_N_IRQHandler              
00001a37  TA1_N_IRQHandler              
00001a37  TA2_N_IRQHandler              
00001a37  UsageFault_Handler            
00001a37  WDT_A_IRQHandler              
00001a39  __TI_zero_init                
00001a45  _system_pre_init              
00001a49  C$$EXIT                       
00001a49  abort                         
00001a5c  __TI_Handler_Table_Base       
00001a68  __TI_Handler_Table_Limit      
00001a70  __TI_CINIT_Base               
00001a80  __TI_CINIT_Limit              
20000000  TxHistogram                   
20000000  __start___llvm_prf_cnts       
20000000  __stop___llvm_prf_cnts        
20000200  RxFIFO                        
20000300  RxFifo0                       
20000382  TxFifo0                       
20000404  Messagec                      
2000040c  Messageindexc                 
20000410  PeriodicTask2                 
20000414  Port4Task                     
20000418  RxFifoLost                    
2000041c  RxGetI                        
20000420  RxPutI                        
20000424  TimerA0Task                   
20000428  TimerA1Task                   
2000042c  TimerA2Task                   
20000430  LogicData                     
20000438  _sys_memory                   
20000838  TExaS_ScopeErrLostData        
2000083c  TExaS_ScopeErrConflict        
20000840  TExaS_ScopeWrnReconfig        
20000844  CaptureTask0                  
20000848  CaptureTask2                  
2000084c  SystemCoreClock               
2000fe00  __stack                       
20010000  __STACK_END                   
4000480c  WDTCTL_SYM                    
ffffffff  __TI_pprof_out_hndl           
ffffffff  __TI_prof_data_size           
ffffffff  __TI_prof_data_start          
ffffffff  __binit__                     
ffffffff  __c_args__                    
ffffffff  binit                         
UNDEFED   __mpu_init                    
UNDEFED   _system_post_cinit            

[213 symbols]
