******************************************************************************
                  TI ARM Linker PC v20.2.7                     
******************************************************************************
>> Linked Fri Oct 31 13:51:12 2025

OUTPUT FILE NAME:   <Lab3_Bump_Reflectance_Systick.out>
ENTRY POINT SYMBOL: "_c_int00_noargs"  address: 0000125d


MEMORY CONFIGURATION

         name            origin    length      used     unused   attr    fill
----------------------  --------  ---------  --------  --------  ----  --------
  MAIN                  00000000   00040000  0000134c  0003ecb4  R  X
  INFO                  00200000   00004000  00000000  00004000  R  X
  SRAM_CODE             01000000   00010000  0000023b  0000fdc5  RW X
  SRAM_DATA             20000000   00010000  0000023b  0000fdc5  RW  


SEGMENT ALLOCATION MAP

run origin  load origin   length   init length attrs members
----------  ----------- ---------- ----------- ----- -------
00000000    00000000    00001350   00001350    r-x
  00000000    00000000    000000e4   000000e4    r-- .intvecs
  000000e4    000000e4    00001210   00001210    r-x .text
  000012f4    000012f4    00000020   00000020    r-- .const
  00001318    00001318    00000038   00000038    r-- .cinit
20000000    20000000    0000003b   00000000    rw-
  20000000    20000000    00000030   00000000    rw- .data
  20000030    20000030    0000000b   00000000    rw- .bss
2000fe00    2000fe00    00000200   00000000    rw-
  2000fe00    2000fe00    00000200   00000000    rw- .stack


SECTION ALLOCATION MAP

 output                                  attributes/
section   page    origin      length       input sections
--------  ----  ----------  ----------   ----------------
.intvecs   0    00000000    000000e4     
                  00000000    000000e4     startup_msp432p401r_ccs.obj (.intvecs:retain)

.text      0    000000e4    00001210     
                  000000e4    00000630     TExaS.obj (.text)
                  00000714    0000032c     system_msp432p401r.obj (.text)
                  00000a40    0000020c     Reflectance.obj (.text)
                  00000c4c    000001e0     Clock.obj (.text)
                  00000e2c    000000fc     Bump.obj (.text)
                  00000f28    000000f8     LaunchPad.obj (.text)
                  00001020    000000b4     Lab3_Sensorsmain.obj (.text)
                  000010d4    0000009c     rtsv7M4_T_le_v4SPD16_eabi.lib : memcpy_t2.asm.obj (.text)
                  00001170    00000068                                   : copy_decompress_lzss.c.obj (.text:decompress:lzss:__TI_decompress_lzss)
                  000011d8    00000044                                   : autoinit.c.obj (.text:__TI_auto_init_nobinit_nopinit:__TI_auto_init_nobinit_nopinit)
                  0000121c    00000040     SysTickInts.obj (.text)
                  0000125c    00000034     rtsv7M4_T_le_v4SPD16_eabi.lib : boot_cortex_m.c.obj (.text:_c_int00_noargs:_c_int00_noargs)
                  00001290    00000024     CortexM.obj (.text)
                  000012b4    0000001c     rtsv7M4_T_le_v4SPD16_eabi.lib : copy_zero_init.c.obj (.text:decompress:ZI:__TI_zero_init_nomemset:__TI_zero_init_nomemset)
                  000012d0    0000000e                                   : copy_decompress_none.c.obj (.text:decompress:none:__TI_decompress_none)
                  000012de    0000000e     startup_msp432p401r_ccs.obj (.text)
                  000012ec    00000004     rtsv7M4_T_le_v4SPD16_eabi.lib : pre_init.c.obj (.text:_system_pre_init)
                  000012f0    00000004                                   : exit.c.obj (.text:abort:abort)

.const     0    000012f4    00000020     
                  000012f4    00000020     Reflectance.obj (.const:$P$T0$1)

.cinit     0    00001318    00000038     
                  00001318    0000000d     (.cinit..data.load) [load image, compression = lzss]
                  00001325    00000003     --HOLE-- [fill = 0]
                  00001328    0000000c     (__TI_handler_table)
                  00001334    00000004     --HOLE-- [fill = 0]
                  00001338    00000008     (.cinit..bss.load) [load image, compression = zero_init]
                  00001340    00000010     (__TI_cinit_table)

.init_array 
*          0    00000000    00000000     UNINITIALIZED

.binit     0    00000000    00000000     

.data      0    20000000    00000030     UNINITIALIZED
                  20000000    00000018     Clock.obj (.data)
                  20000018    0000000c     TExaS.obj (.data)
                  20000024    00000005     Lab3_Sensorsmain.obj (.data)
                  20000029    00000003     --HOLE--
                  2000002c    00000004     system_msp432p401r.obj (.data)

.bss       0    20000030    0000000b     UNINITIALIZED
                  20000030    00000004     (.common:PeriodicTask2)
                  20000034    00000004     (.common:Port4Task)
                  20000038    00000001     (.common:LogicData)
                  20000039    00000001     (.common:bump_data)
                  2000003a    00000001     (.common:reflectance_data)

.stack     0    2000fe00    00000200     UNINITIALIZED
                  2000fe00    00000004     rtsv7M4_T_le_v4SPD16_eabi.lib : boot_cortex_m.c.obj (.stack)
                  2000fe04    000001fc     --HOLE--

__llvm_prf_cnts 
*          0    20000000    00000000     UNINITIALIZED

MODULE SUMMARY

       Module                        code   ro data   rw data
       ------                        ----   -------   -------
    .\
       TExaS.obj                     1584   0         34     
       system_msp432p401r.obj        812    0         8      
       Reflectance.obj               524    32        0      
       Clock.obj                     480    0         48     
       Bump.obj                      252    0         8      
       LaunchPad.obj                 248    0         0      
       startup_msp432p401r_ccs.obj   14     228       0      
       Lab3_Sensorsmain.obj          180    0         14     
       SysTickInts.obj               64     0         0      
       CortexM.obj                   36     0         0      
    +--+-----------------------------+------+---------+---------+
       Total:                        4194   260       112    
                                                             
    C:\ti\ccs2020\ccs\tools\compiler\lib\rtsv7M4_T_le_v4SPD16_eabi.lib
       memcpy_t2.asm.obj             156    0         0      
       copy_decompress_lzss.c.obj    104    0         0      
       autoinit.c.obj                68     0         0      
       boot_cortex_m.c.obj           52     0         0      
       copy_zero_init.c.obj          28     0         0      
       copy_decompress_none.c.obj    14     0         0      
       exit.c.obj                    4      0         0      
       pre_init.c.obj                4      0         0      
    +--+-----------------------------+------+---------+---------+
       Total:                        430    0         0      
                                                             
       Stack:                        0      0         1024   
       Linker Generated:             0      49        0      
    +--+-----------------------------+------+---------+---------+
       Grand Total:                  4624   309       1136   


LINKER GENERATED COPY TABLES

__TI_cinit_table @ 00001340 records: 2, size/record: 8, table size: 16
	.data: load addr=00001318, load size=0000000d bytes, run addr=20000000, run size=00000030 bytes, compression=lzss
	.bss: load addr=00001338, load size=00000008 bytes, run addr=20000030, run size=0000000b bytes, compression=zero_init


LINKER GENERATED HANDLER TABLE

__TI_handler_table @ 00001328 records: 3, size/record: 4, table size: 12
	index: 0, handler: __TI_decompress_lzss
	index: 1, handler: __TI_decompress_none
	index: 2, handler: __TI_zero_init


GLOBAL SYMBOLS: SORTED ALPHABETICALLY BY Name 

address   name                          
-------   ----                          
000012eb  ADC14_IRQHandler              
00000475  ADC_Init                      
000012eb  AES256_IRQHandler             
00000e2d  Bump_Init                     
00000ea7  Bump_Read                     
000012eb  BusFault_Handler              
000012f1  C$$EXIT                       
000012eb  COMP_E0_IRQHandler            
000012eb  COMP_E1_IRQHandler            
20000008  CPMwait                       
000012eb  CS_IRQHandler                 
20000000  ClockFrequency                
00000da1  Clock_Delay1ms                
00000d77  Clock_Delay1us                
00000d63  Clock_GetFreq                 
00000c4d  Clock_Init48MHz               
20000014  Crystalstable                 
000012eb  DMA_ERR_IRQHandler            
000012eb  DMA_INT0_IRQHandler           
000012eb  DMA_INT1_IRQHandler           
000012eb  DMA_INT2_IRQHandler           
000012eb  DMA_INT3_IRQHandler           
000012eb  DebugMon_Handler              
000012eb  Default_Handler               
00001291  DisableInterrupts             
000012eb  EUSCIA0_IRQHandler            
000012eb  EUSCIA1_IRQHandler            
000012eb  EUSCIA2_IRQHandler            
000012eb  EUSCIA3_IRQHandler            
000012eb  EUSCIB0_IRQHandler            
000012eb  EUSCIB1_IRQHandler            
000012eb  EUSCIB2_IRQHandler            
000012eb  EUSCIB3_IRQHandler            
00001297  EnableInterrupts              
000012a7  EndCritical                   
000012eb  FLCTL_IRQHandler              
000012eb  FPU_IRQHandler                
000012eb  HardFault_Handler             
20000010  IFlags                        
00000f29  LaunchPad_Init                
00000f99  LaunchPad_Input               
00000fb7  LaunchPad_LED                 
00000fd5  LaunchPad_Output              
000000e5  LogicAnalyzer                 
000000ef  LogicAnalyzer_P1              
000001c5  LogicAnalyzer_P10             
000000fd  LogicAnalyzer_P2              
0000010b  LogicAnalyzer_P2_7654         
0000011b  LogicAnalyzer_P3              
00000129  LogicAnalyzer_P4              
00000147  LogicAnalyzer_P4_765320       
00000137  LogicAnalyzer_P4_765432       
0000017f  LogicAnalyzer_P5              
0000018d  LogicAnalyzer_P6              
0000019b  LogicAnalyzer_P7              
000001a9  LogicAnalyzer_P8              
000001b7  LogicAnalyzer_P9              
20000038  LogicData                     
20000024  MainCount                     
000012eb  MemManage_Handler             
00001057  MyBumpHandler                 
000012eb  NMI_Handler                   
000012eb  PCM_IRQHandler                
000012eb  PORT1_IRQHandler              
000012eb  PORT2_IRQHandler              
000012eb  PORT3_IRQHandler              
00000edf  PORT4_IRQHandler              
00000edf  PORT4_IRQHandler              
000012eb  PORT5_IRQHandler              
000012eb  PORT6_IRQHandler              
000012eb  PSS_IRQHandler                
000012eb  PendSV_Handler                
20000030  PeriodicTask2                 
00000257  PeriodicTask2_Init            
000002d1  PeriodicTask2_Stop            
20000034  Port4Task                     
00000a51  Port5_Init                    
00000aa5  Port7_Init                    
00000ad7  Port7_InitToInput             
00000ac1  Port7_Output_ChargeCap        
00000a7b  Port9_Init                    
2000000c  Postwait                      
20000004  Prewait                       
000012eb  RTC_C_IRQHandler              
00000b37  Reflectance_Center            
00000beb  Reflectance_End               
00000a41  Reflectance_Init              
00000b57  Reflectance_Position          
00000ae1  Reflectance_Read              
00000bc5  Reflectance_Start             
000012df  Reset_Handler                 
000012eb  SVC_Handler                   
000001d3  Scope                         
0000129d  StartCritical                 
00001021  SysTick_Handler               
00001021  SysTick_Handler               
0000121d  SysTick_Init                  
2000002c  SystemCoreClock               
00000715  SystemCoreClockUpdate         
00000989  SystemInit                    
000002c1  T32_INT1_IRQHandler           
000002c1  T32_INT1_IRQHandler           
000012eb  T32_INT2_IRQHandler           
000012eb  T32_INTC_IRQHandler           
000012eb  TA0_0_IRQHandler              
000012eb  TA0_N_IRQHandler              
000012eb  TA1_0_IRQHandler              
000012eb  TA1_N_IRQHandler              
000012eb  TA2_0_IRQHandler              
000012eb  TA2_N_IRQHandler              
000012eb  TA3_0_IRQHandler              
000012eb  TA3_N_IRQHandler              
00000413  TExaS_Clear0                  
0000041f  TExaS_Clear1                  
0000042b  TExaS_Clear2                  
00000437  TExaS_Clear3                  
00000443  TExaS_Clear4                  
00000445  TExaS_Clear5                  
00000451  TExaS_Clear6                  
00000551  TExaS_Init                    
2000001c  TExaS_ScopeErrConflict        
20000018  TExaS_ScopeErrLostData        
20000020  TExaS_ScopeWrnReconfig        
000003b1  TExaS_Set                     
000003c9  TExaS_Set0                    
000003d5  TExaS_Set1                    
000003e1  TExaS_Set2                    
000003ed  TExaS_Set3                    
000003f9  TExaS_Set4                    
000003fb  TExaS_Set5                    
00000407  TExaS_Set6                    
000006b1  TExaS_Stop                    
00000367  TExaS_Task0                   
00000373  TExaS_Task1                   
0000037f  TExaS_Task2                   
0000038b  TExaS_Task3                   
00000397  TExaS_Task4                   
00000399  TExaS_Task5                   
000003a5  TExaS_Task6                   
0000033b  UART_InChar                   
000002e1  UART_Init                     
0000034b  UART_OutChar                  
000012eb  UsageFault_Handler            
4000480c  WDTCTL_SYM                    
000012eb  WDT_A_IRQHandler              
000012af  WaitForInterrupt              
20010000  __STACK_END                   
00000200  __STACK_SIZE                  
00001340  __TI_CINIT_Base               
00001350  __TI_CINIT_Limit              
00001328  __TI_Handler_Table_Base       
00001334  __TI_Handler_Table_Limit      
000011d9  __TI_auto_init_nobinit_nopinit
00001171  __TI_decompress_lzss          
000012d1  __TI_decompress_none          
ffffffff  __TI_pprof_out_hndl           
ffffffff  __TI_prof_data_size           
ffffffff  __TI_prof_data_start          
00000000  __TI_static_base__            
000012b5  __TI_zero_init_nomemset       
000010d5  __aeabi_memcpy                
000010d5  __aeabi_memcpy4               
000010d5  __aeabi_memcpy8               
ffffffff  __binit__                     
ffffffff  __c_args__                    
UNDEFED   __mpu_init                    
2000fe00  __stack                       
20000000  __start___llvm_prf_cnts       
20000000  __stop___llvm_prf_cnts        
0000125d  _c_int00_noargs               
UNDEFED   _system_post_cinit            
000012ed  _system_pre_init              
000012f1  abort                         
ffffffff  binit                         
20000039  bump_data                     
00000d69  delay                         
00000000  interruptVectors              
0000106b  main                          
000010d5  memcpy                        
2000003a  reflectance_data              


GLOBAL SYMBOLS: SORTED BY Symbol Address 

address   name                          
-------   ----                          
00000000  __TI_static_base__            
00000000  interruptVectors              
000000e5  LogicAnalyzer                 
000000ef  LogicAnalyzer_P1              
000000fd  LogicAnalyzer_P2              
0000010b  LogicAnalyzer_P2_7654         
0000011b  LogicAnalyzer_P3              
00000129  LogicAnalyzer_P4              
00000137  LogicAnalyzer_P4_765432       
00000147  LogicAnalyzer_P4_765320       
0000017f  LogicAnalyzer_P5              
0000018d  LogicAnalyzer_P6              
0000019b  LogicAnalyzer_P7              
000001a9  LogicAnalyzer_P8              
000001b7  LogicAnalyzer_P9              
000001c5  LogicAnalyzer_P10             
000001d3  Scope                         
00000200  __STACK_SIZE                  
00000257  PeriodicTask2_Init            
000002c1  T32_INT1_IRQHandler           
000002c1  T32_INT1_IRQHandler           
000002d1  PeriodicTask2_Stop            
000002e1  UART_Init                     
0000033b  UART_InChar                   
0000034b  UART_OutChar                  
00000367  TExaS_Task0                   
00000373  TExaS_Task1                   
0000037f  TExaS_Task2                   
0000038b  TExaS_Task3                   
00000397  TExaS_Task4                   
00000399  TExaS_Task5                   
000003a5  TExaS_Task6                   
000003b1  TExaS_Set                     
000003c9  TExaS_Set0                    
000003d5  TExaS_Set1                    
000003e1  TExaS_Set2                    
000003ed  TExaS_Set3                    
000003f9  TExaS_Set4                    
000003fb  TExaS_Set5                    
00000407  TExaS_Set6                    
00000413  TExaS_Clear0                  
0000041f  TExaS_Clear1                  
0000042b  TExaS_Clear2                  
00000437  TExaS_Clear3                  
00000443  TExaS_Clear4                  
00000445  TExaS_Clear5                  
00000451  TExaS_Clear6                  
00000475  ADC_Init                      
00000551  TExaS_Init                    
000006b1  TExaS_Stop                    
00000715  SystemCoreClockUpdate         
00000989  SystemInit                    
00000a41  Reflectance_Init              
00000a51  Port5_Init                    
00000a7b  Port9_Init                    
00000aa5  Port7_Init                    
00000ac1  Port7_Output_ChargeCap        
00000ad7  Port7_InitToInput             
00000ae1  Reflectance_Read              
00000b37  Reflectance_Center            
00000b57  Reflectance_Position          
00000bc5  Reflectance_Start             
00000beb  Reflectance_End               
00000c4d  Clock_Init48MHz               
00000d63  Clock_GetFreq                 
00000d69  delay                         
00000d77  Clock_Delay1us                
00000da1  Clock_Delay1ms                
00000e2d  Bump_Init                     
00000ea7  Bump_Read                     
00000edf  PORT4_IRQHandler              
00000edf  PORT4_IRQHandler              
00000f29  LaunchPad_Init                
00000f99  LaunchPad_Input               
00000fb7  LaunchPad_LED                 
00000fd5  LaunchPad_Output              
00001021  SysTick_Handler               
00001021  SysTick_Handler               
00001057  MyBumpHandler                 
0000106b  main                          
000010d5  __aeabi_memcpy                
000010d5  __aeabi_memcpy4               
000010d5  __aeabi_memcpy8               
000010d5  memcpy                        
00001171  __TI_decompress_lzss          
000011d9  __TI_auto_init_nobinit_nopinit
0000121d  SysTick_Init                  
0000125d  _c_int00_noargs               
00001291  DisableInterrupts             
00001297  EnableInterrupts              
0000129d  StartCritical                 
000012a7  EndCritical                   
000012af  WaitForInterrupt              
000012b5  __TI_zero_init_nomemset       
000012d1  __TI_decompress_none          
000012df  Reset_Handler                 
000012eb  ADC14_IRQHandler              
000012eb  AES256_IRQHandler             
000012eb  BusFault_Handler              
000012eb  COMP_E0_IRQHandler            
000012eb  COMP_E1_IRQHandler            
000012eb  CS_IRQHandler                 
000012eb  DMA_ERR_IRQHandler            
000012eb  DMA_INT0_IRQHandler           
000012eb  DMA_INT1_IRQHandler           
000012eb  DMA_INT2_IRQHandler           
000012eb  DMA_INT3_IRQHandler           
000012eb  DebugMon_Handler              
000012eb  Default_Handler               
000012eb  EUSCIA0_IRQHandler            
000012eb  EUSCIA1_IRQHandler            
000012eb  EUSCIA2_IRQHandler            
000012eb  EUSCIA3_IRQHandler            
000012eb  EUSCIB0_IRQHandler            
000012eb  EUSCIB1_IRQHandler            
000012eb  EUSCIB2_IRQHandler            
000012eb  EUSCIB3_IRQHandler            
000012eb  FLCTL_IRQHandler              
000012eb  FPU_IRQHandler                
000012eb  HardFault_Handler             
000012eb  MemManage_Handler             
000012eb  NMI_Handler                   
000012eb  PCM_IRQHandler                
000012eb  PORT1_IRQHandler              
000012eb  PORT2_IRQHandler              
000012eb  PORT3_IRQHandler              
000012eb  PORT5_IRQHandler              
000012eb  PORT6_IRQHandler              
000012eb  PSS_IRQHandler                
000012eb  PendSV_Handler                
000012eb  RTC_C_IRQHandler              
000012eb  SVC_Handler                   
000012eb  T32_INT2_IRQHandler           
000012eb  T32_INTC_IRQHandler           
000012eb  TA0_0_IRQHandler              
000012eb  TA0_N_IRQHandler              
000012eb  TA1_0_IRQHandler              
000012eb  TA1_N_IRQHandler              
000012eb  TA2_0_IRQHandler              
000012eb  TA2_N_IRQHandler              
000012eb  TA3_0_IRQHandler              
000012eb  TA3_N_IRQHandler              
000012eb  UsageFault_Handler            
000012eb  WDT_A_IRQHandler              
000012ed  _system_pre_init              
000012f1  C$$EXIT                       
000012f1  abort                         
00001328  __TI_Handler_Table_Base       
00001334  __TI_Handler_Table_Limit      
00001340  __TI_CINIT_Base               
00001350  __TI_CINIT_Limit              
20000000  ClockFrequency                
20000000  __start___llvm_prf_cnts       
20000000  __stop___llvm_prf_cnts        
20000004  Prewait                       
20000008  CPMwait                       
2000000c  Postwait                      
20000010  IFlags                        
20000014  Crystalstable                 
20000018  TExaS_ScopeErrLostData        
2000001c  TExaS_ScopeErrConflict        
20000020  TExaS_ScopeWrnReconfig        
20000024  MainCount                     
2000002c  SystemCoreClock               
20000030  PeriodicTask2                 
20000034  Port4Task                     
20000038  LogicData                     
20000039  bump_data                     
2000003a  reflectance_data              
2000fe00  __stack                       
20010000  __STACK_END                   
4000480c  WDTCTL_SYM                    
ffffffff  __TI_pprof_out_hndl           
ffffffff  __TI_prof_data_size           
ffffffff  __TI_prof_data_start          
ffffffff  __binit__                     
ffffffff  __c_args__                    
ffffffff  binit                         
UNDEFED   __mpu_init                    
UNDEFED   _system_post_cinit            

[180 symbols]
