******************************************************************************
                  TI ARM Linker PC v20.2.7                     
******************************************************************************
>> Linked Fri Oct 31 14:08:42 2025

OUTPUT FILE NAME:   <Lab4_ADC_IRSensors.out>
ENTRY POINT SYMBOL: "_c_int00_noargs"  address: 00002629


MEMORY CONFIGURATION

         name            origin    length      used     unused   attr    fill
----------------------  --------  ---------  --------  --------  ----  --------
  MAIN                  00000000   00040000  00002902  0003d6fe  R  X
  INFO                  00200000   00004000  00000000  00004000  R  X
  SRAM_CODE             01000000   00010000  00003a18  0000c5e8  RW X
  SRAM_DATA             20000000   00010000  00003a18  0000c5e8  RW  


SEGMENT ALLOCATION MAP

run origin  load origin   length   init length attrs members
----------  ----------- ---------- ----------- ----- -------
00000000    00000000    00002908   00002908    r-x
  00000000    00000000    000000e4   000000e4    r-- .intvecs
  000000e4    000000e4    00002756   00002756    r-x .text
  0000283c    0000283c    00000030   00000030    r-- .const
  00002870    00002870    00000098   00000098    r-- .cinit
20000000    20000000    0000381c   00000000    rw-
  20000000    20000000    0000320c   00000000    rw- .bss
  20003210    20003210    00000400   00000000    rw- .sysmem
  20003610    20003610    0000020c   00000000    rw- .data
2000fe00    2000fe00    00000200   00000000    rw-
  2000fe00    2000fe00    00000200   00000000    rw- .stack


SECTION ALLOCATION MAP

 output                                  attributes/
section   page    origin      length       input sections
--------  ----  ----------  ----------   ----------------
.intvecs   0    00000000    000000e4     
                  00000000    000000e4     startup_msp432p401r_ccs.obj (.intvecs:retain)

.text      0    000000e4    00002756     
                  000000e4    000006c4     UART0.obj (.text)
                  000007a8    0000032c     system_msp432p401r.obj (.text)
                  00000ad4    00000268     IRDistance.obj (.text)
                  00000d3c    00000248     LPF.obj (.text)
                  00000f84    000001e0     Clock.obj (.text)
                  00001164    000001b6     rtsv7M4_T_le_v4SPD16_eabi.lib : fd_add_t2.asm.obj (.text)
                  0000131a    00000002                                   : _lock.c.obj (.text:_nop)
                  0000131c    0000018c     Lab4_ADCmain.obj (.text)
                  000014a8    00000164     ADC14.obj (.text)
                  0000160c    00000136     rtsv7M4_T_le_v4SPD16_eabi.lib : fd_div_t2.asm.obj (.text)
                  00001742    00000002     --HOLE-- [fill = 0]
                  00001744    00000110                                   : fopen.c.obj (.text:_openfile)
                  00001854    00000100                                   : memory.c.obj (.text:aligned_alloc)
                  00001954    000000f8     LaunchPad.obj (.text)
                  00001a4c    000000e4     rtsv7M4_T_le_v4SPD16_eabi.lib : memory.c.obj (.text:free)
                  00001b30    000000dc                                   : setvbuf.c.obj (.text:setvbuf)
                  00001c0c    000000bc                                   : open.c.obj (.text:open)
                  00001cc8    000000b8                                   : add_device.c.obj (.text:add_device)
                  00001d80    000000a8     TimerA1.obj (.text)
                  00001e28    0000009c     rtsv7M4_T_le_v4SPD16_eabi.lib : fopen.c.obj (.text:fopen)
                  00001ec4    0000009c                                   : memcpy_t2.asm.obj (.text)
                  00001f60    0000007a                                   : memset_t2.asm.obj (.text)
                  00001fda    00000002     --HOLE-- [fill = 0]
                  00001fdc    00000074                                   : fclose.c.obj (.text:__TI_closefile)
                  00002050    00000070                                   : memory.c.obj (.text:split)
                  000020c0    0000006c                                   : hostrename.c.obj (.text:HOSTrename)
                  0000212c    00000068                                   : hostlseek.c.obj (.text:HOSTlseek)
                  00002194    00000068                                   : copy_decompress_lzss.c.obj (.text:decompress:lzss:__TI_decompress_lzss)
                  000021fc    00000060                                   : hostopen.c.obj (.text:HOSTopen)
                  0000225c    0000005c                                   : close.c.obj (.text:close)
                  000022b8    00000058                                   : hostread.c.obj (.text:HOSTread)
                  00002310    00000058                                   : hostwrite.c.obj (.text:HOSTwrite)
                  00002368    0000004c                                   : fflush.c.obj (.text:__TI_doflush)
                  000023b4    00000048                                   : exit.c.obj (.text:exit)
                  000023fc    00000044                                   : hostclose.c.obj (.text:HOSTclose)
                  00002440    00000044                                   : hostunlink.c.obj (.text:HOSTunlink)
                  00002484    00000044                                   : autoinit.c.obj (.text:__TI_auto_init_nobinit_nopinit:__TI_auto_init_nobinit_nopinit)
                  000024c8    00000044                                   : getdevice.c.obj (.text:getdevice)
                  0000250c    00000044                                   : fd_tou_t2.asm.obj (.text)
                  00002550    00000038                                   : trgmsg.c.obj (.text:__TI_writemsg)
                  00002588    00000036                                   : strncpy.c.obj (.text:strncpy)
                  000025be    00000002     --HOLE-- [fill = 0]
                  000025c0    00000034                                   : fopen.c.obj (.text:__TI_cleanup)
                  000025f4    00000034                                   : trgmsg.c.obj (.text:__TI_readmsg)
                  00002628    00000034                                   : boot_cortex_m.c.obj (.text:_c_int00_noargs:_c_int00_noargs)
                  0000265c    00000034                                   : fopen.c.obj (.text:freopen)
                  00002690    00000030                                   : getdevice.c.obj (.text:finddevice)
                  000026c0    0000002e                                   : i_tofd_t2.asm.obj (.text)
                  000026ee    00000002     --HOLE-- [fill = 0]
                  000026f0    0000002c                                   : unlink.c.obj (.text:unlink)
                  0000271c    00000028                                   : memory.c.obj (.text:free_list_insert)
                  00002744    00000028                                   : write.c.obj (.text:write)
                  0000276c    00000024     CortexM.obj (.text)
                  00002790    0000001c     rtsv7M4_T_le_v4SPD16_eabi.lib : memory.c.obj (.text:free_list_remove)
                  000027ac    00000018                                   : strcmp.c.obj (.text:strcmp)
                  000027c4    00000016                                   : strchr.c.obj (.text:strchr)
                  000027da    00000014                                   : strcpy.c.obj (.text:strcpy)
                  000027ee    00000014                                   : strlen.c.obj (.text:strlen)
                  00002802    0000000e                                   : copy_decompress_none.c.obj (.text:decompress:none:__TI_decompress_none)
                  00002810    0000000e     startup_msp432p401r_ccs.obj (.text)
                  0000281e    0000000c     rtsv7M4_T_le_v4SPD16_eabi.lib : copy_zero_init.c.obj (.text:decompress:ZI:__TI_zero_init)
                  0000282a    00000008                                   : memory.c.obj (.text:malloc)
                  00002832    00000004                                   : pre_init.c.obj (.text:_system_pre_init)
                  00002836    00000004                                   : exit.c.obj (.text:abort:abort)

.const     0    0000283c    00000030     
                  0000283c    00000018     IRDistance.obj (.const:$P$T0$1)
                  00002854    00000018     IRDistance.obj (.const:$P$T1$2)

.cinit     0    00002870    00000098     
                  00002870    0000006e     (.cinit..data.load) [load image, compression = lzss]
                  000028de    00000002     --HOLE-- [fill = 0]
                  000028e0    0000000c     (__TI_handler_table)
                  000028ec    00000004     --HOLE-- [fill = 0]
                  000028f0    00000008     (.cinit..bss.load) [load image, compression = zero_init]
                  000028f8    00000010     (__TI_cinit_table)

.init_array 
*          0    00000000    00000000     UNINITIALIZED

.binit     0    00000000    00000000     

.bss       0    20000000    0000320c     UNINITIALIZED
                  20000000    00001000     (.common:x)
                  20001000    00001000     (.common:x2)
                  20002000    00001000     (.common:x3)
                  20003000    00000120     rtsv7M4_T_le_v4SPD16_eabi.lib : trgmsg.c.obj (.bss:_CIOBUF_)
                  20003120    000000a0     (.common:__TI_tmpnams)
                  200031c0    00000008     (.common:Messageb)
                  200031c8    00000008     (.common:parmbuf)
                  200031d0    00000004     (.common:ADCflag)
                  200031d4    00000004     (.common:I1)
                  200031d8    00000004     (.common:I2)
                  200031dc    00000004     (.common:I3)
                  200031e0    00000004     (.common:LPFSum)
                  200031e4    00000004     (.common:LPFSum2)
                  200031e8    00000004     (.common:LPFSum3)
                  200031ec    00000004     (.common:Messageindexb)
                  200031f0    00000004     (.common:Size)
                  200031f4    00000004     (.common:Size2)
                  200031f8    00000004     (.common:Size3)
                  200031fc    00000004     (.common:TimerA1Task)
                  20003200    00000004     (.common:nc)
                  20003204    00000004     (.common:nl)
                  20003208    00000004     (.common:nr)

.sysmem    0    20003210    00000400     UNINITIALIZED
                  20003210    00000010     rtsv7M4_T_le_v4SPD16_eabi.lib : memory.c.obj (.sysmem)
                  20003220    000003f0     --HOLE--

.data      0    20003610    0000020c     UNINITIALIZED
                  20003610    000000f0     rtsv7M4_T_le_v4SPD16_eabi.lib : defs.c.obj (.data:_ftable)
                  20003700    00000078                                   : host_device.c.obj (.data:_device)
                  20003778    00000050                                   : host_device.c.obj (.data:_stream)
                  200037c8    00000018     Clock.obj (.data)
                  200037e0    00000010     rtsv7M4_T_le_v4SPD16_eabi.lib : defs.c.obj (.data)
                  200037f0    0000000c                                   : exit.c.obj (.data:$O1$$)
                  200037fc    00000008                                   : _lock.c.obj (.data:$O1$$)
                  20003804    00000008                                   : memory.c.obj (.data:$O1$$)
                  2000380c    00000004                                   : add_device.c.obj (.data)
                  20003810    00000004                                   : fopen.c.obj (.data)
                  20003814    00000004                                   : open.c.obj (.data)
                  20003818    00000004     system_msp432p401r.obj (.data)

.stack     0    2000fe00    00000200     UNINITIALIZED
                  2000fe00    00000004     rtsv7M4_T_le_v4SPD16_eabi.lib : boot_cortex_m.c.obj (.stack)
                  2000fe04    000001fc     --HOLE--

__llvm_prf_cnts 
*          0    20000000    00000000     UNINITIALIZED

MODULE SUMMARY

       Module                        code    ro data   rw data
       ------                        ----    -------   -------
    .\
       LPF.obj                       584     0         24648  
       UART0.obj                     1732    0         24     
       system_msp432p401r.obj        812     0         8      
       IRDistance.obj                616     48        0      
       Clock.obj                     480     0         48     
       Lab4_ADCmain.obj              396     0         32     
       ADC14.obj                     356     0         0      
       LaunchPad.obj                 248     0         0      
       startup_msp432p401r_ccs.obj   14      228       0      
       TimerA1.obj                   168     0         8      
       CortexM.obj                   36      0         0      
    +--+-----------------------------+-------+---------+---------+
       Total:                        5442    276       24768  
                                                              
    C:\ti\ccs2020\ccs\tools\compiler\lib\rtsv7M4_T_le_v4SPD16_eabi.lib
       defs.c.obj                    0       0         832    
       memory.c.obj                  672     0         16     
       trgmsg.c.obj                  108     0         576    
       fopen.c.obj                   532     0         8      
       fd_add_t2.asm.obj             438     0         0      
       host_device.c.obj             0       0         400    
       fd_div_t2.asm.obj             310     0         0      
       setvbuf.c.obj                 220     0         0      
       open.c.obj                    188     0         8      
       add_device.c.obj              184     0         8      
       memcpy_t2.asm.obj             156     0         0      
       memset_t2.asm.obj             122     0         0      
       fclose.c.obj                  116     0         0      
       getdevice.c.obj               116     0         0      
       hostopen.c.obj                96      0         16     
       hostrename.c.obj              108     0         0      
       copy_decompress_lzss.c.obj    104     0         0      
       hostlseek.c.obj               104     0         0      
       exit.c.obj                    76      0         24     
       close.c.obj                   92      0         0      
       hostread.c.obj                88      0         0      
       hostwrite.c.obj               88      0         0      
       fflush.c.obj                  76      0         0      
       autoinit.c.obj                68      0         0      
       fd_tou_t2.asm.obj             68      0         0      
       hostclose.c.obj               68      0         0      
       hostunlink.c.obj              68      0         0      
       strncpy.c.obj                 54      0         0      
       boot_cortex_m.c.obj           52      0         0      
       i_tofd_t2.asm.obj             46      0         0      
       unlink.c.obj                  44      0         0      
       write.c.obj                   40      0         0      
       strcmp.c.obj                  24      0         0      
       strchr.c.obj                  22      0         0      
       strcpy.c.obj                  20      0         0      
       strlen.c.obj                  20      0         0      
       _lock.c.obj                   2       0         16     
       copy_decompress_none.c.obj    14      0         0      
       copy_zero_init.c.obj          12      0         0      
       pre_init.c.obj                4       0         0      
    +--+-----------------------------+-------+---------+---------+
       Total:                        4620    0         1904   
                                                              
       Heap:                         0       0         2048   
       Stack:                        0       0         1024   
       Linker Generated:             0       146       0      
    +--+-----------------------------+-------+---------+---------+
       Grand Total:                  10062   422       29744  


LINKER GENERATED COPY TABLES

__TI_cinit_table @ 000028f8 records: 2, size/record: 8, table size: 16
	.data: load addr=00002870, load size=0000006e bytes, run addr=20003610, run size=0000020c bytes, compression=lzss
	.bss: load addr=000028f0, load size=00000008 bytes, run addr=20000000, run size=0000320c bytes, compression=zero_init


LINKER GENERATED HANDLER TABLE

__TI_handler_table @ 000028e0 records: 3, size/record: 4, table size: 12
	index: 0, handler: __TI_decompress_lzss
	index: 1, handler: __TI_decompress_none
	index: 2, handler: __TI_zero_init


GLOBAL SYMBOLS: SORTED ALPHABETICALLY BY Name 

address   name                           
-------   ----                           
000014a9  ADC0_InitSWTriggerCh12         
00001519  ADC0_InitSWTriggerCh17_12_16   
0000281d  ADC14_IRQHandler               
000014f9  ADC_In12                       
00001589  ADC_In17_12_16                 
200031d0  ADCflag                        
0000281d  AES256_IRQHandler              
0000281d  BusFault_Handler               
00002837  C$$EXIT                        
0000257f  C$$IO$$                        
0000281d  COMP_E0_IRQHandler             
0000281d  COMP_E1_IRQHandler             
200037d0  CPMwait                        
0000281d  CS_IRQHandler                  
00000c9b  CenterConvert                  
200037c8  ClockFrequency                 
000010d9  Clock_Delay1ms                 
000010af  Clock_Delay1us                 
0000109b  Clock_GetFreq                  
00000f85  Clock_Init48MHz                
200037dc  Crystalstable                  
0000281d  DMA_ERR_IRQHandler             
0000281d  DMA_INT0_IRQHandler            
0000281d  DMA_INT1_IRQHandler            
0000281d  DMA_INT2_IRQHandler            
0000281d  DMA_INT3_IRQHandler            
0000281d  DebugMon_Handler               
0000281d  Default_Handler                
0000276d  DisableInterrupts              
0000281d  EUSCIA0_IRQHandler             
0000281d  EUSCIA1_IRQHandler             
0000281d  EUSCIA2_IRQHandler             
0000281d  EUSCIA3_IRQHandler             
0000281d  EUSCIB0_IRQHandler             
0000281d  EUSCIB1_IRQHandler             
0000281d  EUSCIB2_IRQHandler             
0000281d  EUSCIB3_IRQHandler             
00002773  EnableInterrupts               
00002783  EndCritical                    
0000281d  FLCTL_IRQHandler               
0000281d  FPU_IRQHandler                 
000023fd  HOSTclose                      
0000212d  HOSTlseek                      
000021fd  HOSTopen                       
000022b9  HOSTread                       
000020c1  HOSTrename                     
00002441  HOSTunlink                     
00002311  HOSTwrite                      
0000281d  HardFault_Handler              
200031d4  I1                             
200031d8  I2                             
200031dc  I3                             
200037d8  IFlags                         
200031e0  LPFSum                         
200031e4  LPFSum2                        
200031e8  LPFSum3                        
00000d9b  LPF_Calc                       
00000e4d  LPF_Calc2                      
00000eff  LPF_Calc3                      
00000d3d  LPF_Init                       
00000def  LPF_Init2                      
00000ea1  LPF_Init3                      
00001955  LaunchPad_Init                 
000019c5  LaunchPad_Input                
000019e3  LaunchPad_LED                  
00001a01  LaunchPad_Output               
00000c5f  LeftConvert                    
0000281d  MemManage_Handler              
200031c0  Messageb                       
200031ec  Messageindexb                  
0000281d  NMI_Handler                    
0000281d  PCM_IRQHandler                 
0000281d  PORT1_IRQHandler               
0000281d  PORT2_IRQHandler               
0000281d  PORT3_IRQHandler               
0000281d  PORT4_IRQHandler               
0000281d  PORT5_IRQHandler               
0000281d  PORT6_IRQHandler               
0000281d  PSS_IRQHandler                 
0000281d  PendSV_Handler                 
200037d4  Postwait                       
200037cc  Prewait                        
0000281d  RTC_C_IRQHandler               
00002811  Reset_Handler                  
00000ccb  RightConvert                   
0000281d  SVC_Handler                    
0000131d  SensorRead_ISR                 
200031f0  Size                           
200031f4  Size2                          
200031f8  Size3                          
00002779  StartCritical                  
0000281d  SysTick_Handler                
20003818  SystemCoreClock                
000007a9  SystemCoreClockUpdate          
00000a1d  SystemInit                     
0000281d  T32_INT1_IRQHandler            
0000281d  T32_INT2_IRQHandler            
0000281d  T32_INTC_IRQHandler            
0000281d  TA0_0_IRQHandler               
0000281d  TA0_N_IRQHandler               
00001df3  TA1_0_IRQHandler               
00001df3  TA1_0_IRQHandler               
0000281d  TA1_N_IRQHandler               
0000281d  TA2_0_IRQHandler               
0000281d  TA2_N_IRQHandler               
0000281d  TA3_0_IRQHandler               
0000281d  TA3_N_IRQHandler               
200031fc  TimerA1Task                    
00001d81  TimerA1_Init                   
00001ddf  TimerA1_Stop                   
0000012b  UART0_InChar                   
000006a3  UART0_InStatus                 
000005b5  UART0_InString                 
00000175  UART0_InUDec                   
00000469  UART0_InUHex                   
000000e5  UART0_Init                     
00000719  UART0_Initprintf               
0000013b  UART0_OutChar                  
00000157  UART0_OutString                
000001f9  UART0_OutUDec                  
00000365  UART0_OutUDec4                 
000003b9  UART0_OutUDec5                 
000003f5  UART0_OutUFix1                 
0000041d  UART0_OutUFix2                 
0000052d  UART0_OutUHex                  
00000599  UART0_OutUHex2                 
0000281d  UsageFault_Handler             
4000480c  WDTCTL_SYM                     
0000281d  WDT_A_IRQHandler               
0000278b  WaitForInterrupt               
20003000  __CIOBUF_                      
20010000  __STACK_END                    
00000200  __STACK_SIZE                   
00000400  __SYSMEM_SIZE                  
000028f8  __TI_CINIT_Base                
00002908  __TI_CINIT_Limit               
000028e0  __TI_Handler_Table_Base        
000028ec  __TI_Handler_Table_Limit       
00002485  __TI_auto_init_nobinit_nopinit 
000025c1  __TI_cleanup                   
200037f0  __TI_cleanup_ptr               
00001fdd  __TI_closefile                 
00002195  __TI_decompress_lzss           
00002803  __TI_decompress_none           
00002369  __TI_doflush                   
200037f4  __TI_dtors_ptr                 
200037f8  __TI_enable_exit_profile_output
200037e0  __TI_ft_end                    
ffffffff  __TI_pprof_out_hndl            
ffffffff  __TI_prof_data_size            
ffffffff  __TI_prof_data_start           
000025f5  __TI_readmsg                   
00000000  __TI_static_base__             
20003120  __TI_tmpnams                   
00002551  __TI_writemsg                  
0000281f  __TI_zero_init                 
0000250d  __aeabi_d2uiz                  
0000116f  __aeabi_dadd                   
0000160d  __aeabi_ddiv                   
00001165  __aeabi_dsub                   
000026c1  __aeabi_i2d                    
00001f61  __aeabi_memclr                 
00001f61  __aeabi_memclr4                
00001f61  __aeabi_memclr8                
00001ec5  __aeabi_memcpy                 
00001ec5  __aeabi_memcpy4                
00001ec5  __aeabi_memcpy8                
00001f63  __aeabi_memset                 
00001f63  __aeabi_memset4                
00001f63  __aeabi_memset8                
200037ec  __aeabi_stderr                 
200037e4  __aeabi_stdin                  
200037e8  __aeabi_stdout                 
ffffffff  __binit__                      
ffffffff  __c_args__                     
UNDEFED   __mpu_init                     
2000fe00  __stack                        
20000000  __start___llvm_prf_cnts        
20000000  __stop___llvm_prf_cnts         
00002629  _c_int00_noargs                
20003700  _device                        
20003610  _ftable                        
200037fc  _lock                          
0000131b  _nop                           
20003778  _stream                        
20003210  _sys_memory                    
UNDEFED   _system_post_cinit             
00002833  _system_pre_init               
20003800  _unlock                        
00002837  abort                          
00001cc9  add_device                     
00001855  aligned_alloc                  
ffffffff  binit                          
0000225d  close                          
000010a1  delay                          
00000ad5  estimateHyperbolicCoefficients 
000023b5  exit                           
0000064f  ferror                         
0000062f  fgetc                          
00002691  finddevice                     
00001e29  fopen                          
00001a4d  free                           
0000265d  freopen                        
000024c9  getdevice                      
00000000  interruptVectors               
0000136d  main                           
0000282b  malloc                         
00001855  memalign                       
00001ec5  memcpy                         
00001f69  memset                         
20003200  nc                             
20003204  nl                             
20003208  nr                             
00001c0d  open                           
00000571  outnibble                      
200031c8  parmbuf                        
000026f1  remove                         
00001b31  setvbuf                        
000027c5  strchr                         
000027ad  strcmp                         
000027db  strcpy                         
000027ef  strlen                         
00002589  strncpy                        
0000066d  uart_close                     
000006ef  uart_lseek                     
0000065d  uart_open                      
00000679  uart_read                      
0000070b  uart_rename                    
000006ff  uart_unlink                    
000006ad  uart_write                     
000026f1  unlink                         
00002745  write                          
20000000  x                              
20001000  x2                             
20002000  x3                             


GLOBAL SYMBOLS: SORTED BY Symbol Address 

address   name                           
-------   ----                           
00000000  __TI_static_base__             
00000000  interruptVectors               
000000e5  UART0_Init                     
0000012b  UART0_InChar                   
0000013b  UART0_OutChar                  
00000157  UART0_OutString                
00000175  UART0_InUDec                   
000001f9  UART0_OutUDec                  
00000200  __STACK_SIZE                   
00000365  UART0_OutUDec4                 
000003b9  UART0_OutUDec5                 
000003f5  UART0_OutUFix1                 
00000400  __SYSMEM_SIZE                  
0000041d  UART0_OutUFix2                 
00000469  UART0_InUHex                   
0000052d  UART0_OutUHex                  
00000571  outnibble                      
00000599  UART0_OutUHex2                 
000005b5  UART0_InString                 
0000062f  fgetc                          
0000064f  ferror                         
0000065d  uart_open                      
0000066d  uart_close                     
00000679  uart_read                      
000006a3  UART0_InStatus                 
000006ad  uart_write                     
000006ef  uart_lseek                     
000006ff  uart_unlink                    
0000070b  uart_rename                    
00000719  UART0_Initprintf               
000007a9  SystemCoreClockUpdate          
00000a1d  SystemInit                     
00000ad5  estimateHyperbolicCoefficients 
00000c5f  LeftConvert                    
00000c9b  CenterConvert                  
00000ccb  RightConvert                   
00000d3d  LPF_Init                       
00000d9b  LPF_Calc                       
00000def  LPF_Init2                      
00000e4d  LPF_Calc2                      
00000ea1  LPF_Init3                      
00000eff  LPF_Calc3                      
00000f85  Clock_Init48MHz                
0000109b  Clock_GetFreq                  
000010a1  delay                          
000010af  Clock_Delay1us                 
000010d9  Clock_Delay1ms                 
00001165  __aeabi_dsub                   
0000116f  __aeabi_dadd                   
0000131b  _nop                           
0000131d  SensorRead_ISR                 
0000136d  main                           
000014a9  ADC0_InitSWTriggerCh12         
000014f9  ADC_In12                       
00001519  ADC0_InitSWTriggerCh17_12_16   
00001589  ADC_In17_12_16                 
0000160d  __aeabi_ddiv                   
00001855  aligned_alloc                  
00001855  memalign                       
00001955  LaunchPad_Init                 
000019c5  LaunchPad_Input                
000019e3  LaunchPad_LED                  
00001a01  LaunchPad_Output               
00001a4d  free                           
00001b31  setvbuf                        
00001c0d  open                           
00001cc9  add_device                     
00001d81  TimerA1_Init                   
00001ddf  TimerA1_Stop                   
00001df3  TA1_0_IRQHandler               
00001df3  TA1_0_IRQHandler               
00001e29  fopen                          
00001ec5  __aeabi_memcpy                 
00001ec5  __aeabi_memcpy4                
00001ec5  __aeabi_memcpy8                
00001ec5  memcpy                         
00001f61  __aeabi_memclr                 
00001f61  __aeabi_memclr4                
00001f61  __aeabi_memclr8                
00001f63  __aeabi_memset                 
00001f63  __aeabi_memset4                
00001f63  __aeabi_memset8                
00001f69  memset                         
00001fdd  __TI_closefile                 
000020c1  HOSTrename                     
0000212d  HOSTlseek                      
00002195  __TI_decompress_lzss           
000021fd  HOSTopen                       
0000225d  close                          
000022b9  HOSTread                       
00002311  HOSTwrite                      
00002369  __TI_doflush                   
000023b5  exit                           
000023fd  HOSTclose                      
00002441  HOSTunlink                     
00002485  __TI_auto_init_nobinit_nopinit 
000024c9  getdevice                      
0000250d  __aeabi_d2uiz                  
00002551  __TI_writemsg                  
0000257f  C$$IO$$                        
00002589  strncpy                        
000025c1  __TI_cleanup                   
000025f5  __TI_readmsg                   
00002629  _c_int00_noargs                
0000265d  freopen                        
00002691  finddevice                     
000026c1  __aeabi_i2d                    
000026f1  remove                         
000026f1  unlink                         
00002745  write                          
0000276d  DisableInterrupts              
00002773  EnableInterrupts               
00002779  StartCritical                  
00002783  EndCritical                    
0000278b  WaitForInterrupt               
000027ad  strcmp                         
000027c5  strchr                         
000027db  strcpy                         
000027ef  strlen                         
00002803  __TI_decompress_none           
00002811  Reset_Handler                  
0000281d  ADC14_IRQHandler               
0000281d  AES256_IRQHandler              
0000281d  BusFault_Handler               
0000281d  COMP_E0_IRQHandler             
0000281d  COMP_E1_IRQHandler             
0000281d  CS_IRQHandler                  
0000281d  DMA_ERR_IRQHandler             
0000281d  DMA_INT0_IRQHandler            
0000281d  DMA_INT1_IRQHandler            
0000281d  DMA_INT2_IRQHandler            
0000281d  DMA_INT3_IRQHandler            
0000281d  DebugMon_Handler               
0000281d  Default_Handler                
0000281d  EUSCIA0_IRQHandler             
0000281d  EUSCIA1_IRQHandler             
0000281d  EUSCIA2_IRQHandler             
0000281d  EUSCIA3_IRQHandler             
0000281d  EUSCIB0_IRQHandler             
0000281d  EUSCIB1_IRQHandler             
0000281d  EUSCIB2_IRQHandler             
0000281d  EUSCIB3_IRQHandler             
0000281d  FLCTL_IRQHandler               
0000281d  FPU_IRQHandler                 
0000281d  HardFault_Handler              
0000281d  MemManage_Handler              
0000281d  NMI_Handler                    
0000281d  PCM_IRQHandler                 
0000281d  PORT1_IRQHandler               
0000281d  PORT2_IRQHandler               
0000281d  PORT3_IRQHandler               
0000281d  PORT4_IRQHandler               
0000281d  PORT5_IRQHandler               
0000281d  PORT6_IRQHandler               
0000281d  PSS_IRQHandler                 
0000281d  PendSV_Handler                 
0000281d  RTC_C_IRQHandler               
0000281d  SVC_Handler                    
0000281d  SysTick_Handler                
0000281d  T32_INT1_IRQHandler            
0000281d  T32_INT2_IRQHandler            
0000281d  T32_INTC_IRQHandler            
0000281d  TA0_0_IRQHandler               
0000281d  TA0_N_IRQHandler               
0000281d  TA1_N_IRQHandler               
0000281d  TA2_0_IRQHandler               
0000281d  TA2_N_IRQHandler               
0000281d  TA3_0_IRQHandler               
0000281d  TA3_N_IRQHandler               
0000281d  UsageFault_Handler             
0000281d  WDT_A_IRQHandler               
0000281f  __TI_zero_init                 
0000282b  malloc                         
00002833  _system_pre_init               
00002837  C$$EXIT                        
00002837  abort                          
000028e0  __TI_Handler_Table_Base        
000028ec  __TI_Handler_Table_Limit       
000028f8  __TI_CINIT_Base                
00002908  __TI_CINIT_Limit               
20000000  __start___llvm_prf_cnts        
20000000  __stop___llvm_prf_cnts         
20000000  x                              
20001000  x2                             
20002000  x3                             
20003000  __CIOBUF_                      
20003120  __TI_tmpnams                   
200031c0  Messageb                       
200031c8  parmbuf                        
200031d0  ADCflag                        
200031d4  I1                             
200031d8  I2                             
200031dc  I3                             
200031e0  LPFSum                         
200031e4  LPFSum2                        
200031e8  LPFSum3                        
200031ec  Messageindexb                  
200031f0  Size                           
200031f4  Size2                          
200031f8  Size3                          
200031fc  TimerA1Task                    
20003200  nc                             
20003204  nl                             
20003208  nr                             
20003210  _sys_memory                    
20003610  _ftable                        
20003700  _device                        
20003778  _stream                        
200037c8  ClockFrequency                 
200037cc  Prewait                        
200037d0  CPMwait                        
200037d4  Postwait                       
200037d8  IFlags                         
200037dc  Crystalstable                  
200037e0  __TI_ft_end                    
200037e4  __aeabi_stdin                  
200037e8  __aeabi_stdout                 
200037ec  __aeabi_stderr                 
200037f0  __TI_cleanup_ptr               
200037f4  __TI_dtors_ptr                 
200037f8  __TI_enable_exit_profile_output
200037fc  _lock                          
20003800  _unlock                        
20003818  SystemCoreClock                
2000fe00  __stack                        
20010000  __STACK_END                    
4000480c  WDTCTL_SYM                     
ffffffff  __TI_pprof_out_hndl            
ffffffff  __TI_prof_data_size            
ffffffff  __TI_prof_data_start           
ffffffff  __binit__                      
ffffffff  __c_args__                     
ffffffff  binit                          
UNDEFED   __mpu_init                     
UNDEFED   _system_post_cinit             

[235 symbols]
