../Core/Src/oled_SC2104D.c:17:6:OLED_WR_Byte	24	static
../Core/Src/oled_SC2104D.c:47:6:OLED_Refresh_Gram	16	static
../Core/Src/oled_SC2104D.c:62:6:OLED_Clear	16	static
../Core/Src/oled_SC2104D.c:72:6:OLED_Display_On	8	static
../Core/Src/oled_SC2104D.c:81:6:OLED_Display_Off	8	static
../Core/Src/oled_SC2104D.c:91:6:OLED_DrawPoint	24	static
../Core/Src/oled_SC2104D.c:104:6:OLED_ShowChar	32	static
../Core/Src/oled_SC2104D.c:129:10:oled_pow	24	static
../Core/Src/oled_SC2104D.c:139:6:OLED_ShowNumber	40	static
../Core/Src/oled_SC2104D.c:161:6:OLED_ShowString	24	static
../Core/Src/oled_SC2104D.c:175:6:OLED_Init	8	static
