******************************************************************************
                  TI ARM Linker PC v20.2.7                     
******************************************************************************
>> Linked Fri Oct 31 15:39:26 2025

OUTPUT FILE NAME:   <Lab5_UARTComms.out>
ENTRY POINT SYMBOL: "_c_int00_noargs"  address: 00003961


MEMORY CONFIGURATION

         name            origin    length      used     unused   attr    fill
----------------------  --------  ---------  --------  --------  ----  --------
  MAIN                  00000000   00040000  00003c62  0003c39e  R  X
  INFO                  00200000   00004000  00000000  00004000  R  X
  SRAM_CODE             01000000   00010000  00000d03  0000f2fd  RW X
  SRAM_DATA             20000000   00010000  00000d03  0000f2fd  RW  


SEGMENT ALLOCATION MAP

run origin  load origin   length   init length attrs members
----------  ----------- ---------- ----------- ----- -------
00000000    00000000    00003c68   00003c68    r-x
  00000000    00000000    000000e4   000000e4    r-- .intvecs
  000000e4    000000e4    00003a8e   00003a8e    r-x .text
  00003b74    00003b74    00000050   00000050    r-- .const
  00003bc8    00003bc8    000000a0   000000a0    r-- .cinit
20000000    20000000    00000b07   00000000    rw-
  20000000    20000000    000004ec   00000000    rw- .bss
  200004f0    200004f0    00000400   00000000    rw- .sysmem
  200008f0    200008f0    00000217   00000000    rw- .data
2000fe00    2000fe00    00000200   00000000    rw-
  2000fe00    2000fe00    00000200   00000000    rw- .stack


SECTION ALLOCATION MAP

 output                                  attributes/
section   page    origin      length       input sections
--------  ----  ----------  ----------   ----------------
.intvecs   0    00000000    000000e4     
                  00000000    000000e4     startup_msp432p401r_ccs.obj (.intvecs:retain)

.text      0    000000e4    00003a8e     
                  000000e4    0000082c     Lab5_UARTmain.obj (.text)
                  00000910    000006c4     UART0.obj (.text)
                  00000fd4    000005ba     EUSCIA0.obj (.text)
                  0000158e    00000002     rtsv7M4_T_le_v4SPD16_eabi.lib : _lock.c.obj (.text:_nop)
                  00001590    0000032c     system_msp432p401r.obj (.text)
                  000018bc    00000268     IRDistance.obj (.text)
                  00001b24    00000210     FIFO0.obj (.text)
                  00001d34    0000020c     Reflectance.obj (.text)
                  00001f40    000001e0     Clock.obj (.text)
                  00002120    000001b6     rtsv7M4_T_le_v4SPD16_eabi.lib : fd_add_t2.asm.obj (.text)
                  000022d6    00000002     --HOLE-- [fill = 0]
                  000022d8    000001b0     Motor.obj (.text)
                  00002488    00000164     ADC14.obj (.text)
                  000025ec    00000136     rtsv7M4_T_le_v4SPD16_eabi.lib : fd_div_t2.asm.obj (.text)
                  00002722    00000002     --HOLE-- [fill = 0]
                  00002724    00000110                                   : fopen.c.obj (.text:_openfile)
                  00002834    00000104     TA3InputCapture.obj (.text)
                  00002938    00000100     rtsv7M4_T_le_v4SPD16_eabi.lib : memory.c.obj (.text:aligned_alloc)
                  00002a38    000000fc     Bump.obj (.text)
                  00002b34    000000f8     LaunchPad.obj (.text)
                  00002c2c    000000ec     PWM.obj (.text)
                  00002d18    000000e4     rtsv7M4_T_le_v4SPD16_eabi.lib : memory.c.obj (.text:free)
                  00002dfc    000000dc                                   : setvbuf.c.obj (.text:setvbuf)
                  00002ed8    000000bc                                   : open.c.obj (.text:open)
                  00002f94    000000b8                                   : add_device.c.obj (.text:add_device)
                  0000304c    000000a8     TimerA1.obj (.text)
                  000030f4    0000009c     rtsv7M4_T_le_v4SPD16_eabi.lib : fopen.c.obj (.text:fopen)
                  00003190    0000009c                                   : memcpy_t2.asm.obj (.text)
                  0000322c    0000007a                                   : memset_t2.asm.obj (.text)
                  000032a6    00000002     --HOLE-- [fill = 0]
                  000032a8    00000074                                   : fclose.c.obj (.text:__TI_closefile)
                  0000331c    00000070                                   : memory.c.obj (.text:split)
                  0000338c    0000006c                                   : hostrename.c.obj (.text:HOSTrename)
                  000033f8    0000006c     SysTick.obj (.text)
                  00003464    00000068     rtsv7M4_T_le_v4SPD16_eabi.lib : hostlseek.c.obj (.text:HOSTlseek)
                  000034cc    00000068                                   : copy_decompress_lzss.c.obj (.text:decompress:lzss:__TI_decompress_lzss)
                  00003534    00000060                                   : hostopen.c.obj (.text:HOSTopen)
                  00003594    0000005c                                   : close.c.obj (.text:close)
                  000035f0    00000058                                   : hostread.c.obj (.text:HOSTread)
                  00003648    00000058                                   : hostwrite.c.obj (.text:HOSTwrite)
                  000036a0    0000004c                                   : fflush.c.obj (.text:__TI_doflush)
                  000036ec    00000048                                   : exit.c.obj (.text:exit)
                  00003734    00000044                                   : hostclose.c.obj (.text:HOSTclose)
                  00003778    00000044                                   : hostunlink.c.obj (.text:HOSTunlink)
                  000037bc    00000044                                   : autoinit.c.obj (.text:__TI_auto_init_nobinit_nopinit:__TI_auto_init_nobinit_nopinit)
                  00003800    00000044                                   : getdevice.c.obj (.text:getdevice)
                  00003844    00000044                                   : fd_tou_t2.asm.obj (.text)
                  00003888    00000038                                   : trgmsg.c.obj (.text:__TI_writemsg)
                  000038c0    00000036                                   : strncpy.c.obj (.text:strncpy)
                  000038f6    00000002     --HOLE-- [fill = 0]
                  000038f8    00000034                                   : fopen.c.obj (.text:__TI_cleanup)
                  0000392c    00000034                                   : trgmsg.c.obj (.text:__TI_readmsg)
                  00003960    00000034                                   : boot_cortex_m.c.obj (.text:_c_int00_noargs:_c_int00_noargs)
                  00003994    00000034                                   : fopen.c.obj (.text:freopen)
                  000039c8    00000030                                   : getdevice.c.obj (.text:finddevice)
                  000039f8    0000002e                                   : i_tofd_t2.asm.obj (.text)
                  00003a26    00000002     --HOLE-- [fill = 0]
                  00003a28    0000002c                                   : unlink.c.obj (.text:unlink)
                  00003a54    00000028                                   : memory.c.obj (.text:free_list_insert)
                  00003a7c    00000028                                   : write.c.obj (.text:write)
                  00003aa4    00000024     CortexM.obj (.text)
                  00003ac8    0000001c     rtsv7M4_T_le_v4SPD16_eabi.lib : memory.c.obj (.text:free_list_remove)
                  00003ae4    00000018                                   : strcmp.c.obj (.text:strcmp)
                  00003afc    00000016                                   : strchr.c.obj (.text:strchr)
                  00003b12    00000014                                   : strcpy.c.obj (.text:strcpy)
                  00003b26    00000014                                   : strlen.c.obj (.text:strlen)
                  00003b3a    0000000e                                   : copy_decompress_none.c.obj (.text:decompress:none:__TI_decompress_none)
                  00003b48    0000000e     startup_msp432p401r_ccs.obj (.text)
                  00003b56    0000000c     rtsv7M4_T_le_v4SPD16_eabi.lib : copy_zero_init.c.obj (.text:decompress:ZI:__TI_zero_init)
                  00003b62    00000008                                   : memory.c.obj (.text:malloc)
                  00003b6a    00000004                                   : pre_init.c.obj (.text:_system_pre_init)
                  00003b6e    00000004                                   : exit.c.obj (.text:abort:abort)

.const     0    00003b74    00000050     
                  00003b74    00000020     Reflectance.obj (.const:$P$T0$1)
                  00003b94    00000018     IRDistance.obj (.const:$P$T0$1)
                  00003bac    00000018     IRDistance.obj (.const:$P$T1$2)

.cinit     0    00003bc8    000000a0     
                  00003bc8    00000079     (.cinit..data.load) [load image, compression = lzss]
                  00003c41    00000003     --HOLE-- [fill = 0]
                  00003c44    0000000c     (__TI_handler_table)
                  00003c50    00000008     (.cinit..bss.load) [load image, compression = zero_init]
                  00003c58    00000010     (__TI_cinit_table)

.init_array 
*          0    00000000    00000000     UNINITIALIZED

.binit     0    00000000    00000000     

.bss       0    20000000    000004ec     UNINITIALIZED
                  20000000    00000200     (.common:TxHistogram)
                  20000200    00000120     rtsv7M4_T_le_v4SPD16_eabi.lib : trgmsg.c.obj (.bss:_CIOBUF_)
                  20000320    000000a0     (.common:__TI_tmpnams)
                  200003c0    00000082     (.common:RxFifo0)
                  20000442    00000082     (.common:TxFifo0)
                  200004c4    00000008     (.common:Messageb)
                  200004cc    00000008     (.common:Messagec)
                  200004d4    00000008     (.common:parmbuf)
                  200004dc    00000004     (.common:Messageindexb)
                  200004e0    00000004     (.common:Messageindexc)
                  200004e4    00000004     (.common:Port4Task)
                  200004e8    00000004     (.common:TimerA1Task)

.sysmem    0    200004f0    00000400     UNINITIALIZED
                  200004f0    00000010     rtsv7M4_T_le_v4SPD16_eabi.lib : memory.c.obj (.sysmem)
                  20000500    000003f0     --HOLE--

.data      0    200008f0    00000217     UNINITIALIZED
                  200008f0    000000f0     rtsv7M4_T_le_v4SPD16_eabi.lib : defs.c.obj (.data:_ftable)
                  200009e0    00000078                                   : host_device.c.obj (.data:_device)
                  20000a58    00000050                                   : host_device.c.obj (.data:_stream)
                  20000aa8    00000018     Clock.obj (.data)
                  20000ac0    00000010     rtsv7M4_T_le_v4SPD16_eabi.lib : defs.c.obj (.data)
                  20000ad0    0000000c                                   : exit.c.obj (.data:$O1$$)
                  20000adc    00000008                                   : _lock.c.obj (.data:$O1$$)
                  20000ae4    00000008                                   : memory.c.obj (.data:$O1$$)
                  20000aec    00000008     TA3InputCapture.obj (.data)
                  20000af4    00000004     rtsv7M4_T_le_v4SPD16_eabi.lib : add_device.c.obj (.data)
                  20000af8    00000004                                   : fopen.c.obj (.data)
                  20000afc    00000004                                   : open.c.obj (.data)
                  20000b00    00000004     system_msp432p401r.obj (.data)
                  20000b04    00000003     Lab5_UARTmain.obj (.data)

.stack     0    2000fe00    00000200     UNINITIALIZED
                  2000fe00    00000004     rtsv7M4_T_le_v4SPD16_eabi.lib : boot_cortex_m.c.obj (.stack)
                  2000fe04    000001fc     --HOLE--

__llvm_prf_cnts 
*          0    20000000    00000000     UNINITIALIZED

MODULE SUMMARY

       Module                        code    ro data   rw data
       ------                        ----    -------   -------
    .\
       Lab5_UARTmain.obj             2092    0         6      
       FIFO0.obj                     528     0         1544   
       UART0.obj                     1732    0         24     
       EUSCIA0.obj                   1466    0         24     
       system_msp432p401r.obj        812     0         8      
       IRDistance.obj                616     48        0      
       Reflectance.obj               524     32        0      
       Clock.obj                     480     0         48     
       Motor.obj                     432     0         0      
       ADC14.obj                     356     0         0      
       TA3InputCapture.obj           260     0         16     
       Bump.obj                      252     0         8      
       LaunchPad.obj                 248     0         0      
       startup_msp432p401r_ccs.obj   14      228       0      
       PWM.obj                       236     0         0      
       TimerA1.obj                   168     0         8      
       SysTick.obj                   108     0         0      
       CortexM.obj                   36      0         0      
    +--+-----------------------------+-------+---------+---------+
       Total:                        10360   308       1686   
                                                              
    C:\ti\ccs2020\ccs\tools\compiler\lib\rtsv7M4_T_le_v4SPD16_eabi.lib
       defs.c.obj                    0       0         832    
       memory.c.obj                  672     0         16     
       trgmsg.c.obj                  108     0         576    
       fopen.c.obj                   532     0         8      
       fd_add_t2.asm.obj             438     0         0      
       host_device.c.obj             0       0         400    
       fd_div_t2.asm.obj             310     0         0      
       setvbuf.c.obj                 220     0         0      
       open.c.obj                    188     0         8      
       add_device.c.obj              184     0         8      
       memcpy_t2.asm.obj             156     0         0      
       memset_t2.asm.obj             122     0         0      
       fclose.c.obj                  116     0         0      
       getdevice.c.obj               116     0         0      
       hostopen.c.obj                96      0         16     
       hostrename.c.obj              108     0         0      
       copy_decompress_lzss.c.obj    104     0         0      
       hostlseek.c.obj               104     0         0      
       exit.c.obj                    76      0         24     
       close.c.obj                   92      0         0      
       hostread.c.obj                88      0         0      
       hostwrite.c.obj               88      0         0      
       fflush.c.obj                  76      0         0      
       autoinit.c.obj                68      0         0      
       fd_tou_t2.asm.obj             68      0         0      
       hostclose.c.obj               68      0         0      
       hostunlink.c.obj              68      0         0      
       strncpy.c.obj                 54      0         0      
       boot_cortex_m.c.obj           52      0         0      
       i_tofd_t2.asm.obj             46      0         0      
       unlink.c.obj                  44      0         0      
       write.c.obj                   40      0         0      
       strcmp.c.obj                  24      0         0      
       strchr.c.obj                  22      0         0      
       strcpy.c.obj                  20      0         0      
       strlen.c.obj                  20      0         0      
       _lock.c.obj                   2       0         16     
       copy_decompress_none.c.obj    14      0         0      
       copy_zero_init.c.obj          12      0         0      
       pre_init.c.obj                4       0         0      
    +--+-----------------------------+-------+---------+---------+
       Total:                        4620    0         1904   
                                                              
       Heap:                         0       0         2048   
       Stack:                        0       0         1024   
       Linker Generated:             0       157       0      
    +--+-----------------------------+-------+---------+---------+
       Grand Total:                  14980   465       6662   


LINKER GENERATED COPY TABLES

__TI_cinit_table @ 00003c58 records: 2, size/record: 8, table size: 16
	.data: load addr=00003bc8, load size=00000079 bytes, run addr=200008f0, run size=00000217 bytes, compression=lzss
	.bss: load addr=00003c50, load size=00000008 bytes, run addr=20000000, run size=000004ec bytes, compression=zero_init


LINKER GENERATED HANDLER TABLE

__TI_handler_table @ 00003c44 records: 3, size/record: 4, table size: 12
	index: 0, handler: __TI_decompress_lzss
	index: 1, handler: __TI_decompress_none
	index: 2, handler: __TI_zero_init


GLOBAL SYMBOLS: SORTED ALPHABETICALLY BY Name 

address   name                           
-------   ----                           
00002489  ADC0_InitSWTriggerCh12         
000024f9  ADC0_InitSWTriggerCh17_12_16   
00003b55  ADC14_IRQHandler               
000024d9  ADC_In12                       
00002569  ADC_In17_12_16                 
00003b55  AES256_IRQHandler              
00002a39  Bump_Init                      
00002ab3  Bump_Read                      
00003b55  BusFault_Handler               
00003b6f  C$$EXIT                        
000038b7  C$$IO$$                        
00003b55  COMP_E0_IRQHandler             
00003b55  COMP_E1_IRQHandler             
20000ab0  CPMwait                        
00003b55  CS_IRQHandler                  
20000aec  CaptureTask0                   
20000af0  CaptureTask2                   
00001a83  CenterConvert                  
20000aa8  ClockFrequency                 
00002095  Clock_Delay1ms                 
0000206b  Clock_Delay1us                 
00002057  Clock_GetFreq                  
00001f41  Clock_Init48MHz                
20000abc  Crystalstable                  
00003b55  DMA_ERR_IRQHandler             
00003b55  DMA_INT0_IRQHandler            
00003b55  DMA_INT1_IRQHandler            
00003b55  DMA_INT2_IRQHandler            
00003b55  DMA_INT3_IRQHandler            
00003b55  DebugMon_Handler               
00003b55  Default_Handler                
00003aa5  DisableInterrupts              
00001067  EUSCIA0_IRQHandler             
00001067  EUSCIA0_IRQHandler             
0000103b  EUSCIA0_InChar                 
00001505  EUSCIA0_InString               
000010bb  EUSCIA0_InUDec                 
000013b9  EUSCIA0_InUHex                 
00000fd5  EUSCIA0_Init                   
0000104d  EUSCIA0_OutChar                
0000109d  EUSCIA0_OutString              
0000113f  EUSCIA0_OutUDec                
000012d1  EUSCIA0_OutUDec4               
00001309  EUSCIA0_OutUDec5               
00001345  EUSCIA0_OutUFix1               
0000136d  EUSCIA0_OutUFix2               
00001481  EUSCIA0_OutUHex                
000014e7  EUSCIA0_OutUHex2               
000014c5  EUSCIA0outnibble               
00003b55  EUSCIA1_IRQHandler             
00003b55  EUSCIA2_IRQHandler             
00003b55  EUSCIA3_IRQHandler             
00003b55  EUSCIB0_IRQHandler             
00003b55  EUSCIB1_IRQHandler             
00003b55  EUSCIB2_IRQHandler             
00003b55  EUSCIB3_IRQHandler             
00003aab  EnableInterrupts               
00003abb  EndCritical                    
00003b55  FLCTL_IRQHandler               
00003b55  FPU_IRQHandler                 
00003735  HOSTclose                      
00003465  HOSTlseek                      
00003535  HOSTopen                       
000035f1  HOSTread                       
0000338d  HOSTrename                     
00003779  HOSTunlink                     
00003649  HOSTwrite                      
00003b55  HardFault_Handler              
20000ab8  IFlags                         
00002b35  LaunchPad_Init                 
00002ba5  LaunchPad_Input                
00002bc3  LaunchPad_LED                  
00002be1  LaunchPad_Output               
00001a47  LeftConvert                    
00003b55  MemManage_Handler              
200004c4  Messageb                       
200004cc  Messagec                       
200004dc  Messageindexb                  
200004e0  Messageindexc                  
00002429  Motor_Backward                 
00002385  Motor_Forward                  
000022d9  Motor_Init                     
000023ef  Motor_Left                     
000023b5  Motor_Right                    
00002361  Motor_Stop                     
000000f5  MyBumpHandler                  
00003b55  NMI_Handler                    
00003b55  PCM_IRQHandler                 
00003b55  PORT1_IRQHandler               
00003b55  PORT2_IRQHandler               
00003b55  PORT3_IRQHandler               
00002aeb  PORT4_IRQHandler               
00002aeb  PORT4_IRQHandler               
00003b55  PORT5_IRQHandler               
00003b55  PORT6_IRQHandler               
00003b55  PSS_IRQHandler                 
00002cb1  PWM_Duty3                      
00002cd1  PWM_Duty4                      
00002c2d  PWM_Init34                     
00003b55  PendSV_Handler                 
00000109  PollBumpSwitches               
00000115  PollReflectance                
200004e4  Port4Task                      
00001d45  Port5_Init                     
00001d99  Port7_Init                     
00001dcb  Port7_InitToInput              
00001db5  Port7_Output_ChargeCap         
00001d6f  Port9_Init                     
20000ab4  Postwait                       
20000aac  Prewait                        
000000e5  RSLK_Reset                     
00003b55  RTC_C_IRQHandler               
00001e2b  Reflectance_Center             
00001edf  Reflectance_End                
00001d35  Reflectance_Init               
00001e4b  Reflectance_Position           
00001dd5  Reflectance_Read               
00001eb9  Reflectance_Start              
00003b49  Reset_Handler                  
00001ab3  RightConvert                   
200003c0  RxFifo0                        
00001c9f  RxFifo0_Get                    
00001c45  RxFifo0_Init                   
00001c51  RxFifo0_Put                    
00001cdd  RxFifo0_Size                   
00003b55  SVC_Handler                    
00003ab1  StartCritical                  
00000125  SysTick_Handler                
00000125  SysTick_Handler                
000033f9  SysTick_Init                   
00003409  SysTick_Wait                   
0000342f  SysTick_Wait10ms               
20000b00  SystemCoreClock                
00001591  SystemCoreClockUpdate          
00001805  SystemInit                     
00003b55  T32_INT1_IRQHandler            
00003b55  T32_INT2_IRQHandler            
00003b55  T32_INTC_IRQHandler            
00003b55  TA0_0_IRQHandler               
00003b55  TA0_N_IRQHandler               
000030bf  TA1_0_IRQHandler               
000030bf  TA1_0_IRQHandler               
00003b55  TA1_N_IRQHandler               
00003b55  TA2_0_IRQHandler               
00003b55  TA2_N_IRQHandler               
000028c7  TA3_0_IRQHandler               
000028c7  TA3_0_IRQHandler               
000028e1  TA3_N_IRQHandler               
000028e1  TA3_N_IRQHandler               
00000127  TimedPause                     
200004e8  TimerA1Task                    
0000304d  TimerA1_Init                   
000030ab  TimerA1_Stop                   
00002841  TimerA3Capture_Init            
20000442  TxFifo0                        
00001bb1  TxFifo0_Get                    
00001b25  TxFifo0_Init                   
00001b57  TxFifo0_Put                    
00001bef  TxFifo0_Size                   
20000000  TxHistogram                    
00000957  UART0_InChar                   
00000ecf  UART0_InStatus                 
00000de1  UART0_InString                 
000009a1  UART0_InUDec                   
00000c95  UART0_InUHex                   
00000911  UART0_Init                     
00000f45  UART0_Initprintf               
00000967  UART0_OutChar                  
00000983  UART0_OutString                
00000a25  UART0_OutUDec                  
00000b91  UART0_OutUDec4                 
00000be5  UART0_OutUDec5                 
00000c21  UART0_OutUFix1                 
00000c49  UART0_OutUFix2                 
00000d59  UART0_OutUHex                  
00000dc5  UART0_OutUHex2                 
00003b55  UsageFault_Handler             
4000480c  WDTCTL_SYM                     
00003b55  WDT_A_IRQHandler               
00003ac3  WaitForInterrupt               
20000200  __CIOBUF_                      
20010000  __STACK_END                    
00000200  __STACK_SIZE                   
00000400  __SYSMEM_SIZE                  
00003c58  __TI_CINIT_Base                
00003c68  __TI_CINIT_Limit               
00003c44  __TI_Handler_Table_Base        
00003c50  __TI_Handler_Table_Limit       
000037bd  __TI_auto_init_nobinit_nopinit 
000038f9  __TI_cleanup                   
20000ad0  __TI_cleanup_ptr               
000032a9  __TI_closefile                 
000034cd  __TI_decompress_lzss           
00003b3b  __TI_decompress_none           
000036a1  __TI_doflush                   
20000ad4  __TI_dtors_ptr                 
20000ad8  __TI_enable_exit_profile_output
20000ac0  __TI_ft_end                    
ffffffff  __TI_pprof_out_hndl            
ffffffff  __TI_prof_data_size            
ffffffff  __TI_prof_data_start           
0000392d  __TI_readmsg                   
00000000  __TI_static_base__             
20000320  __TI_tmpnams                   
00003889  __TI_writemsg                  
00003b57  __TI_zero_init                 
00003845  __aeabi_d2uiz                  
0000212b  __aeabi_dadd                   
000025ed  __aeabi_ddiv                   
00002121  __aeabi_dsub                   
000039f9  __aeabi_i2d                    
0000322d  __aeabi_memclr                 
0000322d  __aeabi_memclr4                
0000322d  __aeabi_memclr8                
00003191  __aeabi_memcpy                 
00003191  __aeabi_memcpy4                
00003191  __aeabi_memcpy8                
0000322f  __aeabi_memset                 
0000322f  __aeabi_memset4                
0000322f  __aeabi_memset8                
20000acc  __aeabi_stderr                 
20000ac4  __aeabi_stdin                  
20000ac8  __aeabi_stdout                 
ffffffff  __binit__                      
ffffffff  __c_args__                     
UNDEFED   __mpu_init                     
2000fe00  __stack                        
20000000  __start___llvm_prf_cnts        
20000000  __stop___llvm_prf_cnts         
00003961  _c_int00_noargs                
200009e0  _device                        
200008f0  _ftable                        
20000adc  _lock                          
0000158f  _nop                           
20000a58  _stream                        
200004f0  _sys_memory                    
UNDEFED   _system_post_cinit             
00003b6b  _system_pre_init               
20000ae0  _unlock                        
00003b6f  abort                          
00002f95  add_device                     
00002939  aligned_alloc                  
ffffffff  binit                          
20000b05  bump_data                      
00003595  close                          
0000205d  delay                          
000018bd  estimateHyperbolicCoefficients 
000036ed  exit                           
00000e7b  ferror                         
00000e5b  fgetc                          
000039c9  finddevice                     
000030f5  fopen                          
00002d19  free                           
00003995  freopen                        
00003801  getdevice                      
00000000  interruptVectors               
0000014d  main                           
00003b63  malloc                         
00002939  memalign                       
00003191  memcpy                         
00003235  memset                         
00002ed9  open                           
00000d9d  outnibble                      
200004d4  parmbuf                        
20000b04  reflectance_data               
00003a29  remove                         
20000b06  rfCentre                       
00002dfd  setvbuf                        
00003afd  strchr                         
00003ae5  strcmp                         
00003b13  strcpy                         
00003b27  strlen                         
000038c1  strncpy                        
00002835  ta3dummy                       
00000e99  uart_close                     
00000f1b  uart_lseek                     
00000e89  uart_open                      
00000ea5  uart_read                      
00000f37  uart_rename                    
00000f2b  uart_unlink                    
00000ed9  uart_write                     
00003a29  unlink                         
00003a7d  write                          


GLOBAL SYMBOLS: SORTED BY Symbol Address 

address   name                           
-------   ----                           
00000000  __TI_static_base__             
00000000  interruptVectors               
000000e5  RSLK_Reset                     
000000f5  MyBumpHandler                  
00000109  PollBumpSwitches               
00000115  PollReflectance                
00000125  SysTick_Handler                
00000125  SysTick_Handler                
00000127  TimedPause                     
0000014d  main                           
00000200  __STACK_SIZE                   
00000400  __SYSMEM_SIZE                  
00000911  UART0_Init                     
00000957  UART0_InChar                   
00000967  UART0_OutChar                  
00000983  UART0_OutString                
000009a1  UART0_InUDec                   
00000a25  UART0_OutUDec                  
00000b91  UART0_OutUDec4                 
00000be5  UART0_OutUDec5                 
00000c21  UART0_OutUFix1                 
00000c49  UART0_OutUFix2                 
00000c95  UART0_InUHex                   
00000d59  UART0_OutUHex                  
00000d9d  outnibble                      
00000dc5  UART0_OutUHex2                 
00000de1  UART0_InString                 
00000e5b  fgetc                          
00000e7b  ferror                         
00000e89  uart_open                      
00000e99  uart_close                     
00000ea5  uart_read                      
00000ecf  UART0_InStatus                 
00000ed9  uart_write                     
00000f1b  uart_lseek                     
00000f2b  uart_unlink                    
00000f37  uart_rename                    
00000f45  UART0_Initprintf               
00000fd5  EUSCIA0_Init                   
0000103b  EUSCIA0_InChar                 
0000104d  EUSCIA0_OutChar                
00001067  EUSCIA0_IRQHandler             
00001067  EUSCIA0_IRQHandler             
0000109d  EUSCIA0_OutString              
000010bb  EUSCIA0_InUDec                 
0000113f  EUSCIA0_OutUDec                
000012d1  EUSCIA0_OutUDec4               
00001309  EUSCIA0_OutUDec5               
00001345  EUSCIA0_OutUFix1               
0000136d  EUSCIA0_OutUFix2               
000013b9  EUSCIA0_InUHex                 
00001481  EUSCIA0_OutUHex                
000014c5  EUSCIA0outnibble               
000014e7  EUSCIA0_OutUHex2               
00001505  EUSCIA0_InString               
0000158f  _nop                           
00001591  SystemCoreClockUpdate          
00001805  SystemInit                     
000018bd  estimateHyperbolicCoefficients 
00001a47  LeftConvert                    
00001a83  CenterConvert                  
00001ab3  RightConvert                   
00001b25  TxFifo0_Init                   
00001b57  TxFifo0_Put                    
00001bb1  TxFifo0_Get                    
00001bef  TxFifo0_Size                   
00001c45  RxFifo0_Init                   
00001c51  RxFifo0_Put                    
00001c9f  RxFifo0_Get                    
00001cdd  RxFifo0_Size                   
00001d35  Reflectance_Init               
00001d45  Port5_Init                     
00001d6f  Port9_Init                     
00001d99  Port7_Init                     
00001db5  Port7_Output_ChargeCap         
00001dcb  Port7_InitToInput              
00001dd5  Reflectance_Read               
00001e2b  Reflectance_Center             
00001e4b  Reflectance_Position           
00001eb9  Reflectance_Start              
00001edf  Reflectance_End                
00001f41  Clock_Init48MHz                
00002057  Clock_GetFreq                  
0000205d  delay                          
0000206b  Clock_Delay1us                 
00002095  Clock_Delay1ms                 
00002121  __aeabi_dsub                   
0000212b  __aeabi_dadd                   
000022d9  Motor_Init                     
00002361  Motor_Stop                     
00002385  Motor_Forward                  
000023b5  Motor_Right                    
000023ef  Motor_Left                     
00002429  Motor_Backward                 
00002489  ADC0_InitSWTriggerCh12         
000024d9  ADC_In12                       
000024f9  ADC0_InitSWTriggerCh17_12_16   
00002569  ADC_In17_12_16                 
000025ed  __aeabi_ddiv                   
00002835  ta3dummy                       
00002841  TimerA3Capture_Init            
000028c7  TA3_0_IRQHandler               
000028c7  TA3_0_IRQHandler               
000028e1  TA3_N_IRQHandler               
000028e1  TA3_N_IRQHandler               
00002939  aligned_alloc                  
00002939  memalign                       
00002a39  Bump_Init                      
00002ab3  Bump_Read                      
00002aeb  PORT4_IRQHandler               
00002aeb  PORT4_IRQHandler               
00002b35  LaunchPad_Init                 
00002ba5  LaunchPad_Input                
00002bc3  LaunchPad_LED                  
00002be1  LaunchPad_Output               
00002c2d  PWM_Init34                     
00002cb1  PWM_Duty3                      
00002cd1  PWM_Duty4                      
00002d19  free                           
00002dfd  setvbuf                        
00002ed9  open                           
00002f95  add_device                     
0000304d  TimerA1_Init                   
000030ab  TimerA1_Stop                   
000030bf  TA1_0_IRQHandler               
000030bf  TA1_0_IRQHandler               
000030f5  fopen                          
00003191  __aeabi_memcpy                 
00003191  __aeabi_memcpy4                
00003191  __aeabi_memcpy8                
00003191  memcpy                         
0000322d  __aeabi_memclr                 
0000322d  __aeabi_memclr4                
0000322d  __aeabi_memclr8                
0000322f  __aeabi_memset                 
0000322f  __aeabi_memset4                
0000322f  __aeabi_memset8                
00003235  memset                         
000032a9  __TI_closefile                 
0000338d  HOSTrename                     
000033f9  SysTick_Init                   
00003409  SysTick_Wait                   
0000342f  SysTick_Wait10ms               
00003465  HOSTlseek                      
000034cd  __TI_decompress_lzss           
00003535  HOSTopen                       
00003595  close                          
000035f1  HOSTread                       
00003649  HOSTwrite                      
000036a1  __TI_doflush                   
000036ed  exit                           
00003735  HOSTclose                      
00003779  HOSTunlink                     
000037bd  __TI_auto_init_nobinit_nopinit 
00003801  getdevice                      
00003845  __aeabi_d2uiz                  
00003889  __TI_writemsg                  
000038b7  C$$IO$$                        
000038c1  strncpy                        
000038f9  __TI_cleanup                   
0000392d  __TI_readmsg                   
00003961  _c_int00_noargs                
00003995  freopen                        
000039c9  finddevice                     
000039f9  __aeabi_i2d                    
00003a29  remove                         
00003a29  unlink                         
00003a7d  write                          
00003aa5  DisableInterrupts              
00003aab  EnableInterrupts               
00003ab1  StartCritical                  
00003abb  EndCritical                    
00003ac3  WaitForInterrupt               
00003ae5  strcmp                         
00003afd  strchr                         
00003b13  strcpy                         
00003b27  strlen                         
00003b3b  __TI_decompress_none           
00003b49  Reset_Handler                  
00003b55  ADC14_IRQHandler               
00003b55  AES256_IRQHandler              
00003b55  BusFault_Handler               
00003b55  COMP_E0_IRQHandler             
00003b55  COMP_E1_IRQHandler             
00003b55  CS_IRQHandler                  
00003b55  DMA_ERR_IRQHandler             
00003b55  DMA_INT0_IRQHandler            
00003b55  DMA_INT1_IRQHandler            
00003b55  DMA_INT2_IRQHandler            
00003b55  DMA_INT3_IRQHandler            
00003b55  DebugMon_Handler               
00003b55  Default_Handler                
00003b55  EUSCIA1_IRQHandler             
00003b55  EUSCIA2_IRQHandler             
00003b55  EUSCIA3_IRQHandler             
00003b55  EUSCIB0_IRQHandler             
00003b55  EUSCIB1_IRQHandler             
00003b55  EUSCIB2_IRQHandler             
00003b55  EUSCIB3_IRQHandler             
00003b55  FLCTL_IRQHandler               
00003b55  FPU_IRQHandler                 
00003b55  HardFault_Handler              
00003b55  MemManage_Handler              
00003b55  NMI_Handler                    
00003b55  PCM_IRQHandler                 
00003b55  PORT1_IRQHandler               
00003b55  PORT2_IRQHandler               
00003b55  PORT3_IRQHandler               
00003b55  PORT5_IRQHandler               
00003b55  PORT6_IRQHandler               
00003b55  PSS_IRQHandler                 
00003b55  PendSV_Handler                 
00003b55  RTC_C_IRQHandler               
00003b55  SVC_Handler                    
00003b55  T32_INT1_IRQHandler            
00003b55  T32_INT2_IRQHandler            
00003b55  T32_INTC_IRQHandler            
00003b55  TA0_0_IRQHandler               
00003b55  TA0_N_IRQHandler               
00003b55  TA1_N_IRQHandler               
00003b55  TA2_0_IRQHandler               
00003b55  TA2_N_IRQHandler               
00003b55  UsageFault_Handler             
00003b55  WDT_A_IRQHandler               
00003b57  __TI_zero_init                 
00003b63  malloc                         
00003b6b  _system_pre_init               
00003b6f  C$$EXIT                        
00003b6f  abort                          
00003c44  __TI_Handler_Table_Base        
00003c50  __TI_Handler_Table_Limit       
00003c58  __TI_CINIT_Base                
00003c68  __TI_CINIT_Limit               
20000000  TxHistogram                    
20000000  __start___llvm_prf_cnts        
20000000  __stop___llvm_prf_cnts         
20000200  __CIOBUF_                      
20000320  __TI_tmpnams                   
200003c0  RxFifo0                        
20000442  TxFifo0                        
200004c4  Messageb                       
200004cc  Messagec                       
200004d4  parmbuf                        
200004dc  Messageindexb                  
200004e0  Messageindexc                  
200004e4  Port4Task                      
200004e8  TimerA1Task                    
200004f0  _sys_memory                    
200008f0  _ftable                        
200009e0  _device                        
20000a58  _stream                        
20000aa8  ClockFrequency                 
20000aac  Prewait                        
20000ab0  CPMwait                        
20000ab4  Postwait                       
20000ab8  IFlags                         
20000abc  Crystalstable                  
20000ac0  __TI_ft_end                    
20000ac4  __aeabi_stdin                  
20000ac8  __aeabi_stdout                 
20000acc  __aeabi_stderr                 
20000ad0  __TI_cleanup_ptr               
20000ad4  __TI_dtors_ptr                 
20000ad8  __TI_enable_exit_profile_output
20000adc  _lock                          
20000ae0  _unlock                        
20000aec  CaptureTask0                   
20000af0  CaptureTask2                   
20000b00  SystemCoreClock                
20000b04  reflectance_data               
20000b05  bump_data                      
20000b06  rfCentre                       
2000fe00  __stack                        
20010000  __STACK_END                    
4000480c  WDTCTL_SYM                     
ffffffff  __TI_pprof_out_hndl            
ffffffff  __TI_prof_data_size            
ffffffff  __TI_prof_data_start           
ffffffff  __binit__                      
ffffffff  __c_args__                     
ffffffff  binit                          
UNDEFED   __mpu_init                     
UNDEFED   _system_post_cinit             

[283 symbols]
