******************************************************************************
                  TI ARM Linker PC v20.2.7                     
******************************************************************************
>> Linked Fri Oct 17 16:14:10 2025

OUTPUT FILE NAME:   <Lab4_TimerCapture_Tach.out>
ENTRY POINT SYMBOL: "_c_int00_noargs"  address: 0000271d


MEMORY CONFIGURATION

         name            origin    length      used     unused   attr    fill
----------------------  --------  ---------  --------  --------  ----  --------
  MAIN                  00000000   00040000  000029ae  0003d652  R  X
  INFO                  00200000   00004000  00000000  00004000  R  X
  SRAM_CODE             01000000   00010000  00000a15  0000f5eb  RW X
  SRAM_DATA             20000000   00010000  00000a15  0000f5eb  RW  


SEGMENT ALLOCATION MAP

run origin  load origin   length   init length attrs members
----------  ----------- ---------- ----------- ----- -------
00000000    00000000    000029b0   000029b0    r-x
  00000000    00000000    000000e4   000000e4    r-- .intvecs
  000000e4    000000e4    0000282a   0000282a    r-x .text
  00002910    00002910    000000a0   000000a0    r-- .cinit
20000000    20000000    00000815   00000000    rw-
  20000000    20000000    00000400   00000000    rw- .sysmem
  20000400    20000400    00000234   00000000    rw- .data
  20000634    20000634    000001e1   00000000    rw- .bss
2000fe00    2000fe00    00000200   00000000    rw-
  2000fe00    2000fe00    00000200   00000000    rw- .stack


SECTION ALLOCATION MAP

 output                                  attributes/
section   page    origin      length       input sections
--------  ----  ----------  ----------   ----------------
.intvecs   0    00000000    000000e4     
                  00000000    000000e4     startup_msp432p401r_ccs.obj (.intvecs:retain)

.text      0    000000e4    0000282a     
                  000000e4    000006bc     UART0.obj (.text)
                  000007a0    00000630     TExaS.obj (.text)
                  00000dd0    0000032c     system_msp432p401r.obj (.text)
                  000010fc    000001e0     Clock.obj (.text)
                  000012dc    000001b0     Motor.obj (.text)
                  0000148c    00000174     Bump.obj (.text)
                  00001600    00000134     Lab4_Tachmain.obj (.text)
                  00001734    00000110     rtsv7M4_T_le_v4SPD16_eabi.lib : fopen.c.obj (.text:_openfile)
                  00001844    00000104     TA3InputCapture.obj (.text)
                  00001948    00000100     rtsv7M4_T_le_v4SPD16_eabi.lib : memory.c.obj (.text:aligned_alloc)
                  00001a48    000000f8     LaunchPad.obj (.text)
                  00001b40    000000ec     PWM.obj (.text)
                  00001c2c    000000e4     rtsv7M4_T_le_v4SPD16_eabi.lib : memory.c.obj (.text:free)
                  00001d10    000000dc                                   : setvbuf.c.obj (.text:setvbuf)
                  00001dec    000000bc                                   : open.c.obj (.text:open)
                  00001ea8    000000b8                                   : add_device.c.obj (.text:add_device)
                  00001f60    0000009c                                   : fopen.c.obj (.text:fopen)
                  00001ffc    0000009c                                   : memcpy_t2.asm.obj (.text)
                  00002098    0000007a                                   : memset_t2.asm.obj (.text)
                  00002112    00000002                                   : _lock.c.obj (.text:_nop)
                  00002114    00000074                                   : fclose.c.obj (.text:__TI_closefile)
                  00002188    00000070                                   : memory.c.obj (.text:split)
                  000021f8    0000006c                                   : hostrename.c.obj (.text:HOSTrename)
                  00002264    00000068                                   : hostlseek.c.obj (.text:HOSTlseek)
                  000022cc    00000068                                   : copy_decompress_lzss.c.obj (.text:decompress:lzss:__TI_decompress_lzss)
                  00002334    00000060                                   : hostopen.c.obj (.text:HOSTopen)
                  00002394    0000005c                                   : close.c.obj (.text:close)
                  000023f0    00000058                                   : hostread.c.obj (.text:HOSTread)
                  00002448    00000058                                   : hostwrite.c.obj (.text:HOSTwrite)
                  000024a0    0000004c                                   : fflush.c.obj (.text:__TI_doflush)
                  000024ec    00000048                                   : exit.c.obj (.text:exit)
                  00002534    00000044                                   : hostclose.c.obj (.text:HOSTclose)
                  00002578    00000044                                   : hostunlink.c.obj (.text:HOSTunlink)
                  000025bc    00000044                                   : autoinit.c.obj (.text:__TI_auto_init_nobinit_nopinit:__TI_auto_init_nobinit_nopinit)
                  00002600    00000044                                   : getdevice.c.obj (.text:getdevice)
                  00002644    00000038                                   : trgmsg.c.obj (.text:__TI_writemsg)
                  0000267c    00000036                                   : strncpy.c.obj (.text:strncpy)
                  000026b2    00000002     --HOLE-- [fill = 0]
                  000026b4    00000034                                   : fopen.c.obj (.text:__TI_cleanup)
                  000026e8    00000034                                   : trgmsg.c.obj (.text:__TI_readmsg)
                  0000271c    00000034                                   : boot_cortex_m.c.obj (.text:_c_int00_noargs:_c_int00_noargs)
                  00002750    00000034                                   : fopen.c.obj (.text:freopen)
                  00002784    00000030                                   : getdevice.c.obj (.text:finddevice)
                  000027b4    0000002c                                   : unlink.c.obj (.text:unlink)
                  000027e0    00000028                                   : memory.c.obj (.text:free_list_insert)
                  00002808    00000028                                   : write.c.obj (.text:write)
                  00002830    00000024     CortexM.obj (.text)
                  00002854    0000001c     rtsv7M4_T_le_v4SPD16_eabi.lib : copy_zero_init.c.obj (.text:decompress:ZI:__TI_zero_init_nomemset:__TI_zero_init_nomemset)
                  00002870    0000001c                                   : memory.c.obj (.text:free_list_remove)
                  0000288c    00000018                                   : strcmp.c.obj (.text:strcmp)
                  000028a4    00000016                                   : strchr.c.obj (.text:strchr)
                  000028ba    00000014                                   : strcpy.c.obj (.text:strcpy)
                  000028ce    00000014                                   : strlen.c.obj (.text:strlen)
                  000028e2    0000000e                                   : copy_decompress_none.c.obj (.text:decompress:none:__TI_decompress_none)
                  000028f0    0000000e     startup_msp432p401r_ccs.obj (.text)
                  000028fe    00000008     rtsv7M4_T_le_v4SPD16_eabi.lib : memory.c.obj (.text:malloc)
                  00002906    00000004                                   : pre_init.c.obj (.text:_system_pre_init)
                  0000290a    00000004                                   : exit.c.obj (.text:abort:abort)

.cinit     0    00002910    000000a0     
                  00002910    00000078     (.cinit..data.load) [load image, compression = lzss]
                  00002988    0000000c     (__TI_handler_table)
                  00002994    00000004     --HOLE-- [fill = 0]
                  00002998    00000008     (.cinit..bss.load) [load image, compression = zero_init]
                  000029a0    00000010     (__TI_cinit_table)

.init_array 
*          0    00000000    00000000     UNINITIALIZED

.binit     0    00000000    00000000     

.sysmem    0    20000000    00000400     UNINITIALIZED
                  20000000    00000010     rtsv7M4_T_le_v4SPD16_eabi.lib : memory.c.obj (.sysmem)
                  20000010    000003f0     --HOLE--

.data      0    20000400    00000234     UNINITIALIZED
                  20000400    000000f0     rtsv7M4_T_le_v4SPD16_eabi.lib : defs.c.obj (.data:_ftable)
                  200004f0    00000078                                   : host_device.c.obj (.data:_device)
                  20000568    00000050                                   : host_device.c.obj (.data:_stream)
                  200005b8    00000018     Clock.obj (.data)
                  200005d0    00000014     Lab4_Tachmain.obj (.data)
                  200005e4    00000010     rtsv7M4_T_le_v4SPD16_eabi.lib : defs.c.obj (.data)
                  200005f4    0000000c                                   : exit.c.obj (.data:$O1$$)
                  20000600    0000000c     TExaS.obj (.data)
                  2000060c    00000008     rtsv7M4_T_le_v4SPD16_eabi.lib : _lock.c.obj (.data:$O1$$)
                  20000614    00000008                                   : memory.c.obj (.data:$O1$$)
                  2000061c    00000008     TA3InputCapture.obj (.data)
                  20000624    00000004     rtsv7M4_T_le_v4SPD16_eabi.lib : add_device.c.obj (.data)
                  20000628    00000004                                   : fopen.c.obj (.data)
                  2000062c    00000004                                   : open.c.obj (.data)
                  20000630    00000004     system_msp432p401r.obj (.data)

.bss       0    20000634    000001e1     UNINITIALIZED
                  20000634    00000120     rtsv7M4_T_le_v4SPD16_eabi.lib : trgmsg.c.obj (.bss:_CIOBUF_)
                  20000754    000000a0     (.common:__TI_tmpnams)
                  200007f4    00000008     (.common:Messageb)
                  200007fc    00000008     (.common:parmbuf)
                  20000804    00000004     (.common:Messageindexb)
                  20000808    00000004     (.common:PeriodicTask2)
                  2000080c    00000004     (.common:Port4Task)
                  20000810    00000002     (.common:Period0)
                  20000812    00000002     (.common:Period2)
                  20000814    00000001     (.common:LogicData)

.stack     0    2000fe00    00000200     UNINITIALIZED
                  2000fe00    00000004     rtsv7M4_T_le_v4SPD16_eabi.lib : boot_cortex_m.c.obj (.stack)
                  2000fe04    000001fc     --HOLE--

__llvm_prf_cnts 
*          0    20000000    00000000     UNINITIALIZED

MODULE SUMMARY

       Module                        code    ro data   rw data
       ------                        ----    -------   -------
    .\
       UART0.obj                     1724    0         24     
       TExaS.obj                     1584    0         34     
       system_msp432p401r.obj        812     0         8      
       Clock.obj                     480     0         48     
       Motor.obj                     432     0         0      
       Bump.obj                      372     0         8      
       Lab4_Tachmain.obj             308     0         48     
       TA3InputCapture.obj           260     0         16     
       LaunchPad.obj                 248     0         0      
       startup_msp432p401r_ccs.obj   14      228       0      
       PWM.obj                       236     0         0      
       CortexM.obj                   36      0         0      
    +--+-----------------------------+-------+---------+---------+
       Total:                        6506    228       186    
                                                              
    C:\ti\ccs2020\ccs\tools\compiler\lib\rtsv7M4_T_le_v4SPD16_eabi.lib
       defs.c.obj                    0       0         832    
       memory.c.obj                  672     0         16     
       trgmsg.c.obj                  108     0         576    
       fopen.c.obj                   532     0         8      
       host_device.c.obj             0       0         400    
       setvbuf.c.obj                 220     0         0      
       open.c.obj                    188     0         8      
       add_device.c.obj              184     0         8      
       memcpy_t2.asm.obj             156     0         0      
       memset_t2.asm.obj             122     0         0      
       fclose.c.obj                  116     0         0      
       getdevice.c.obj               116     0         0      
       hostopen.c.obj                96      0         16     
       hostrename.c.obj              108     0         0      
       copy_decompress_lzss.c.obj    104     0         0      
       hostlseek.c.obj               104     0         0      
       exit.c.obj                    76      0         24     
       close.c.obj                   92      0         0      
       hostread.c.obj                88      0         0      
       hostwrite.c.obj               88      0         0      
       fflush.c.obj                  76      0         0      
       autoinit.c.obj                68      0         0      
       hostclose.c.obj               68      0         0      
       hostunlink.c.obj              68      0         0      
       strncpy.c.obj                 54      0         0      
       boot_cortex_m.c.obj           52      0         0      
       unlink.c.obj                  44      0         0      
       write.c.obj                   40      0         0      
       copy_zero_init.c.obj          28      0         0      
       strcmp.c.obj                  24      0         0      
       strchr.c.obj                  22      0         0      
       strcpy.c.obj                  20      0         0      
       strlen.c.obj                  20      0         0      
       _lock.c.obj                   2       0         16     
       copy_decompress_none.c.obj    14      0         0      
       pre_init.c.obj                4       0         0      
    +--+-----------------------------+-------+---------+---------+
       Total:                        3774    0         1904   
                                                              
       Heap:                         0       0         2048   
       Stack:                        0       0         1024   
       Linker Generated:             0       156       0      
    +--+-----------------------------+-------+---------+---------+
       Grand Total:                  10280   384       5162   


LINKER GENERATED COPY TABLES

__TI_cinit_table @ 000029a0 records: 2, size/record: 8, table size: 16
	.data: load addr=00002910, load size=00000078 bytes, run addr=20000400, run size=00000234 bytes, compression=lzss
	.bss: load addr=00002998, load size=00000008 bytes, run addr=20000634, run size=000001e1 bytes, compression=zero_init


LINKER GENERATED HANDLER TABLE

__TI_handler_table @ 00002988 records: 3, size/record: 4, table size: 12
	index: 0, handler: __TI_decompress_lzss
	index: 1, handler: __TI_decompress_none
	index: 2, handler: __TI_zero_init


GLOBAL SYMBOLS: SORTED ALPHABETICALLY BY Name 

address   name                           
-------   ----                           
000028fd  ADC14_IRQHandler               
00000b31  ADC_Init                       
000028fd  AES256_IRQHandler              
0000148d  Bump_Init                      
00001507  Bump_Read                      
000028fd  BusFault_Handler               
0000290b  C$$EXIT                        
00002673  C$$IO$$                        
000028fd  COMP_E0_IRQHandler             
000028fd  COMP_E1_IRQHandler             
200005c0  CPMwait                        
000028fd  CS_IRQHandler                  
2000061c  CaptureTask0                   
20000620  CaptureTask2                   
200005b8  ClockFrequency                 
00001251  Clock_Delay1ms                 
00001227  Clock_Delay1us                 
00001213  Clock_GetFreq                  
000010fd  Clock_Init48MHz                
200005cc  Crystalstable                  
000028fd  DMA_ERR_IRQHandler             
000028fd  DMA_INT0_IRQHandler            
000028fd  DMA_INT1_IRQHandler            
000028fd  DMA_INT2_IRQHandler            
000028fd  DMA_INT3_IRQHandler            
000028fd  DebugMon_Handler               
000028fd  Default_Handler                
00002831  DisableInterrupts              
200005d4  Done0                          
200005dc  Done2                          
000028fd  EUSCIA0_IRQHandler             
000028fd  EUSCIA1_IRQHandler             
000028fd  EUSCIA2_IRQHandler             
000028fd  EUSCIA3_IRQHandler             
000028fd  EUSCIB0_IRQHandler             
000028fd  EUSCIB1_IRQHandler             
000028fd  EUSCIB2_IRQHandler             
000028fd  EUSCIB3_IRQHandler             
00002837  EnableInterrupts               
00002847  EndCritical                    
000028fd  FLCTL_IRQHandler               
000028fd  FPU_IRQHandler                 
200005d0  First0                         
200005d8  First2                         
00002535  HOSTclose                      
00002265  HOSTlseek                      
00002335  HOSTopen                       
000023f1  HOSTread                       
000021f9  HOSTrename                     
00002579  HOSTunlink                     
00002449  HOSTwrite                      
000028fd  HardFault_Handler              
200005c8  IFlags                         
00001a49  LaunchPad_Init                 
00001ab9  LaunchPad_Input                
00001ad7  LaunchPad_LED                  
00001af5  LaunchPad_Output               
000007a1  LogicAnalyzer                  
000007ab  LogicAnalyzer_P1               
00000881  LogicAnalyzer_P10              
000007b9  LogicAnalyzer_P2               
000007c7  LogicAnalyzer_P2_7654          
000007d7  LogicAnalyzer_P3               
000007e5  LogicAnalyzer_P4               
00000803  LogicAnalyzer_P4_765320        
000007f3  LogicAnalyzer_P4_765432        
0000083b  LogicAnalyzer_P5               
00000849  LogicAnalyzer_P6               
00000857  LogicAnalyzer_P7               
00000865  LogicAnalyzer_P8               
00000873  LogicAnalyzer_P9               
20000814  LogicData                      
000028fd  MemManage_Handler              
200007f4  Messageb                       
20000804  Messageindexb                  
0000142d  Motor_Backward                 
00001389  Motor_Forward                  
000012dd  Motor_Init                     
000013f3  Motor_Left                     
000013b9  Motor_Right                    
00001365  Motor_Stop                     
000028fd  NMI_Handler                    
000028fd  PCM_IRQHandler                 
000028fd  PORT1_IRQHandler               
000028fd  PORT2_IRQHandler               
000028fd  PORT3_IRQHandler               
000015a7  PORT4_IRQHandler               
000015a7  PORT4_IRQHandler               
000028fd  PORT5_IRQHandler               
000028fd  PORT6_IRQHandler               
000028fd  PSS_IRQHandler                 
00001bc5  PWM_Duty3                      
00001be5  PWM_Duty4                      
00001b41  PWM_Init34                     
000028fd  PendSV_Handler                 
20000810  Period0                        
20000812  Period2                        
00001601  PeriodMeasure0                 
0000162f  PeriodMeasure2                 
20000808  PeriodicTask2                  
00000913  PeriodicTask2_Init             
0000098d  PeriodicTask2_Stop             
2000080c  Port4Task                      
200005c4  Postwait                       
200005bc  Prewait                        
000028fd  RTC_C_IRQHandler               
000028f1  Reset_Handler                  
000028fd  SVC_Handler                    
0000088f  Scope                          
0000283d  StartCritical                  
000028fd  SysTick_Handler                
20000630  SystemCoreClock                
00000dd1  SystemCoreClockUpdate          
00001045  SystemInit                     
0000097d  T32_INT1_IRQHandler            
0000097d  T32_INT1_IRQHandler            
000028fd  T32_INT2_IRQHandler            
000028fd  T32_INTC_IRQHandler            
000028fd  TA0_0_IRQHandler               
000028fd  TA0_N_IRQHandler               
000028fd  TA1_0_IRQHandler               
000028fd  TA1_N_IRQHandler               
000028fd  TA2_0_IRQHandler               
000028fd  TA2_N_IRQHandler               
000018d7  TA3_0_IRQHandler               
000018d7  TA3_0_IRQHandler               
000018f1  TA3_N_IRQHandler               
000018f1  TA3_N_IRQHandler               
00000acf  TExaS_Clear0                   
00000adb  TExaS_Clear1                   
00000ae7  TExaS_Clear2                   
00000af3  TExaS_Clear3                   
00000aff  TExaS_Clear4                   
00000b01  TExaS_Clear5                   
00000b0d  TExaS_Clear6                   
00000c0d  TExaS_Init                     
20000604  TExaS_ScopeErrConflict         
20000600  TExaS_ScopeErrLostData         
20000608  TExaS_ScopeWrnReconfig         
00000a6d  TExaS_Set                      
00000a85  TExaS_Set0                     
00000a91  TExaS_Set1                     
00000a9d  TExaS_Set2                     
00000aa9  TExaS_Set3                     
00000ab5  TExaS_Set4                     
00000ab7  TExaS_Set5                     
00000ac3  TExaS_Set6                     
00000d6d  TExaS_Stop                     
00000a23  TExaS_Task0                    
00000a2f  TExaS_Task1                    
00000a3b  TExaS_Task2                    
00000a47  TExaS_Task3                    
00000a53  TExaS_Task4                    
00000a55  TExaS_Task5                    
00000a61  TExaS_Task6                    
0000165d  TimedPause                     
00001851  TimerA3Capture_Init            
0000012b  UART0_InChar                   
000005b5  UART0_InString                 
00000175  UART0_InUDec                   
00000469  UART0_InUHex                   
000000e5  UART0_Init                     
00000715  UART0_Initprintf               
0000013b  UART0_OutChar                  
00000157  UART0_OutString                
000001f9  UART0_OutUDec                  
00000365  UART0_OutUDec4                 
000003b9  UART0_OutUDec5                 
000003f5  UART0_OutUFix1                 
0000041d  UART0_OutUFix2                 
0000052d  UART0_OutUHex                  
00000599  UART0_OutUHex2                 
000009f7  UART_InChar                    
0000099d  UART_Init                      
00000a07  UART_OutChar                   
000028fd  UsageFault_Handler             
4000480c  WDTCTL_SYM                     
000028fd  WDT_A_IRQHandler               
0000284f  WaitForInterrupt               
20000634  __CIOBUF_                      
20010000  __STACK_END                    
00000200  __STACK_SIZE                   
00000400  __SYSMEM_SIZE                  
000029a0  __TI_CINIT_Base                
000029b0  __TI_CINIT_Limit               
00002988  __TI_Handler_Table_Base        
00002994  __TI_Handler_Table_Limit       
000025bd  __TI_auto_init_nobinit_nopinit 
000026b5  __TI_cleanup                   
200005f4  __TI_cleanup_ptr               
00002115  __TI_closefile                 
000022cd  __TI_decompress_lzss           
000028e3  __TI_decompress_none           
000024a1  __TI_doflush                   
200005f8  __TI_dtors_ptr                 
200005fc  __TI_enable_exit_profile_output
200005e4  __TI_ft_end                    
ffffffff  __TI_pprof_out_hndl            
ffffffff  __TI_prof_data_size            
ffffffff  __TI_prof_data_start           
000026e9  __TI_readmsg                   
00000000  __TI_static_base__             
20000754  __TI_tmpnams                   
00002645  __TI_writemsg                  
00002855  __TI_zero_init_nomemset        
00002099  __aeabi_memclr                 
00002099  __aeabi_memclr4                
00002099  __aeabi_memclr8                
00001ffd  __aeabi_memcpy                 
00001ffd  __aeabi_memcpy4                
00001ffd  __aeabi_memcpy8                
0000209b  __aeabi_memset                 
0000209b  __aeabi_memset4                
0000209b  __aeabi_memset8                
200005f0  __aeabi_stderr                 
200005e8  __aeabi_stdin                  
200005ec  __aeabi_stdout                 
ffffffff  __binit__                      
ffffffff  __c_args__                     
UNDEFED   __mpu_init                     
2000fe00  __stack                        
20000000  __start___llvm_prf_cnts        
20000000  __stop___llvm_prf_cnts         
0000271d  _c_int00_noargs                
200004f0  _device                        
20000400  _ftable                        
2000060c  _lock                          
00002113  _nop                           
20000568  _stream                        
20000000  _sys_memory                    
UNDEFED   _system_post_cinit             
00002907  _system_pre_init               
20000610  _unlock                        
0000290b  abort                          
00001ea9  add_device                     
00001949  aligned_alloc                  
ffffffff  binit                          
00002395  close                          
00001219  delay                          
000024ed  exit                           
0000064f  ferror                         
0000062f  fgetc                          
00002785  finddevice                     
00001f61  fopen                          
00001c2d  free                           
00002751  freopen                        
00002601  getdevice                      
00000000  interruptVectors               
0000167d  main                           
200005e0  main_count                     
000028ff  malloc                         
00001949  memalign                       
00001ffd  memcpy                         
000020a1  memset                         
00001ded  open                           
00000571  outnibble                      
200007fc  parmbuf                        
000027b5  remove                         
00001d11  setvbuf                        
000028a5  strchr                         
0000288d  strcmp                         
000028bb  strcpy                         
000028cf  strlen                         
0000267d  strncpy                        
00001845  ta3dummy                       
0000066d  uart_close                     
000006eb  uart_lseek                     
0000065d  uart_open                      
0000067f  uart_read                      
00000707  uart_rename                    
000006fb  uart_unlink                    
000006a9  uart_write                     
000027b5  unlink                         
00002809  write                          


GLOBAL SYMBOLS: SORTED BY Symbol Address 

address   name                           
-------   ----                           
00000000  __TI_static_base__             
00000000  interruptVectors               
000000e5  UART0_Init                     
0000012b  UART0_InChar                   
0000013b  UART0_OutChar                  
00000157  UART0_OutString                
00000175  UART0_InUDec                   
000001f9  UART0_OutUDec                  
00000200  __STACK_SIZE                   
00000365  UART0_OutUDec4                 
000003b9  UART0_OutUDec5                 
000003f5  UART0_OutUFix1                 
00000400  __SYSMEM_SIZE                  
0000041d  UART0_OutUFix2                 
00000469  UART0_InUHex                   
0000052d  UART0_OutUHex                  
00000571  outnibble                      
00000599  UART0_OutUHex2                 
000005b5  UART0_InString                 
0000062f  fgetc                          
0000064f  ferror                         
0000065d  uart_open                      
0000066d  uart_close                     
0000067f  uart_read                      
000006a9  uart_write                     
000006eb  uart_lseek                     
000006fb  uart_unlink                    
00000707  uart_rename                    
00000715  UART0_Initprintf               
000007a1  LogicAnalyzer                  
000007ab  LogicAnalyzer_P1               
000007b9  LogicAnalyzer_P2               
000007c7  LogicAnalyzer_P2_7654          
000007d7  LogicAnalyzer_P3               
000007e5  LogicAnalyzer_P4               
000007f3  LogicAnalyzer_P4_765432        
00000803  LogicAnalyzer_P4_765320        
0000083b  LogicAnalyzer_P5               
00000849  LogicAnalyzer_P6               
00000857  LogicAnalyzer_P7               
00000865  LogicAnalyzer_P8               
00000873  LogicAnalyzer_P9               
00000881  LogicAnalyzer_P10              
0000088f  Scope                          
00000913  PeriodicTask2_Init             
0000097d  T32_INT1_IRQHandler            
0000097d  T32_INT1_IRQHandler            
0000098d  PeriodicTask2_Stop             
0000099d  UART_Init                      
000009f7  UART_InChar                    
00000a07  UART_OutChar                   
00000a23  TExaS_Task0                    
00000a2f  TExaS_Task1                    
00000a3b  TExaS_Task2                    
00000a47  TExaS_Task3                    
00000a53  TExaS_Task4                    
00000a55  TExaS_Task5                    
00000a61  TExaS_Task6                    
00000a6d  TExaS_Set                      
00000a85  TExaS_Set0                     
00000a91  TExaS_Set1                     
00000a9d  TExaS_Set2                     
00000aa9  TExaS_Set3                     
00000ab5  TExaS_Set4                     
00000ab7  TExaS_Set5                     
00000ac3  TExaS_Set6                     
00000acf  TExaS_Clear0                   
00000adb  TExaS_Clear1                   
00000ae7  TExaS_Clear2                   
00000af3  TExaS_Clear3                   
00000aff  TExaS_Clear4                   
00000b01  TExaS_Clear5                   
00000b0d  TExaS_Clear6                   
00000b31  ADC_Init                       
00000c0d  TExaS_Init                     
00000d6d  TExaS_Stop                     
00000dd1  SystemCoreClockUpdate          
00001045  SystemInit                     
000010fd  Clock_Init48MHz                
00001213  Clock_GetFreq                  
00001219  delay                          
00001227  Clock_Delay1us                 
00001251  Clock_Delay1ms                 
000012dd  Motor_Init                     
00001365  Motor_Stop                     
00001389  Motor_Forward                  
000013b9  Motor_Right                    
000013f3  Motor_Left                     
0000142d  Motor_Backward                 
0000148d  Bump_Init                      
00001507  Bump_Read                      
000015a7  PORT4_IRQHandler               
000015a7  PORT4_IRQHandler               
00001601  PeriodMeasure0                 
0000162f  PeriodMeasure2                 
0000165d  TimedPause                     
0000167d  main                           
00001845  ta3dummy                       
00001851  TimerA3Capture_Init            
000018d7  TA3_0_IRQHandler               
000018d7  TA3_0_IRQHandler               
000018f1  TA3_N_IRQHandler               
000018f1  TA3_N_IRQHandler               
00001949  aligned_alloc                  
00001949  memalign                       
00001a49  LaunchPad_Init                 
00001ab9  LaunchPad_Input                
00001ad7  LaunchPad_LED                  
00001af5  LaunchPad_Output               
00001b41  PWM_Init34                     
00001bc5  PWM_Duty3                      
00001be5  PWM_Duty4                      
00001c2d  free                           
00001d11  setvbuf                        
00001ded  open                           
00001ea9  add_device                     
00001f61  fopen                          
00001ffd  __aeabi_memcpy                 
00001ffd  __aeabi_memcpy4                
00001ffd  __aeabi_memcpy8                
00001ffd  memcpy                         
00002099  __aeabi_memclr                 
00002099  __aeabi_memclr4                
00002099  __aeabi_memclr8                
0000209b  __aeabi_memset                 
0000209b  __aeabi_memset4                
0000209b  __aeabi_memset8                
000020a1  memset                         
00002113  _nop                           
00002115  __TI_closefile                 
000021f9  HOSTrename                     
00002265  HOSTlseek                      
000022cd  __TI_decompress_lzss           
00002335  HOSTopen                       
00002395  close                          
000023f1  HOSTread                       
00002449  HOSTwrite                      
000024a1  __TI_doflush                   
000024ed  exit                           
00002535  HOSTclose                      
00002579  HOSTunlink                     
000025bd  __TI_auto_init_nobinit_nopinit 
00002601  getdevice                      
00002645  __TI_writemsg                  
00002673  C$$IO$$                        
0000267d  strncpy                        
000026b5  __TI_cleanup                   
000026e9  __TI_readmsg                   
0000271d  _c_int00_noargs                
00002751  freopen                        
00002785  finddevice                     
000027b5  remove                         
000027b5  unlink                         
00002809  write                          
00002831  DisableInterrupts              
00002837  EnableInterrupts               
0000283d  StartCritical                  
00002847  EndCritical                    
0000284f  WaitForInterrupt               
00002855  __TI_zero_init_nomemset        
0000288d  strcmp                         
000028a5  strchr                         
000028bb  strcpy                         
000028cf  strlen                         
000028e3  __TI_decompress_none           
000028f1  Reset_Handler                  
000028fd  ADC14_IRQHandler               
000028fd  AES256_IRQHandler              
000028fd  BusFault_Handler               
000028fd  COMP_E0_IRQHandler             
000028fd  COMP_E1_IRQHandler             
000028fd  CS_IRQHandler                  
000028fd  DMA_ERR_IRQHandler             
000028fd  DMA_INT0_IRQHandler            
000028fd  DMA_INT1_IRQHandler            
000028fd  DMA_INT2_IRQHandler            
000028fd  DMA_INT3_IRQHandler            
000028fd  DebugMon_Handler               
000028fd  Default_Handler                
000028fd  EUSCIA0_IRQHandler             
000028fd  EUSCIA1_IRQHandler             
000028fd  EUSCIA2_IRQHandler             
000028fd  EUSCIA3_IRQHandler             
000028fd  EUSCIB0_IRQHandler             
000028fd  EUSCIB1_IRQHandler             
000028fd  EUSCIB2_IRQHandler             
000028fd  EUSCIB3_IRQHandler             
000028fd  FLCTL_IRQHandler               
000028fd  FPU_IRQHandler                 
000028fd  HardFault_Handler              
000028fd  MemManage_Handler              
000028fd  NMI_Handler                    
000028fd  PCM_IRQHandler                 
000028fd  PORT1_IRQHandler               
000028fd  PORT2_IRQHandler               
000028fd  PORT3_IRQHandler               
000028fd  PORT5_IRQHandler               
000028fd  PORT6_IRQHandler               
000028fd  PSS_IRQHandler                 
000028fd  PendSV_Handler                 
000028fd  RTC_C_IRQHandler               
000028fd  SVC_Handler                    
000028fd  SysTick_Handler                
000028fd  T32_INT2_IRQHandler            
000028fd  T32_INTC_IRQHandler            
000028fd  TA0_0_IRQHandler               
000028fd  TA0_N_IRQHandler               
000028fd  TA1_0_IRQHandler               
000028fd  TA1_N_IRQHandler               
000028fd  TA2_0_IRQHandler               
000028fd  TA2_N_IRQHandler               
000028fd  UsageFault_Handler             
000028fd  WDT_A_IRQHandler               
000028ff  malloc                         
00002907  _system_pre_init               
0000290b  C$$EXIT                        
0000290b  abort                          
00002988  __TI_Handler_Table_Base        
00002994  __TI_Handler_Table_Limit       
000029a0  __TI_CINIT_Base                
000029b0  __TI_CINIT_Limit               
20000000  __start___llvm_prf_cnts        
20000000  __stop___llvm_prf_cnts         
20000000  _sys_memory                    
20000400  _ftable                        
200004f0  _device                        
20000568  _stream                        
200005b8  ClockFrequency                 
200005bc  Prewait                        
200005c0  CPMwait                        
200005c4  Postwait                       
200005c8  IFlags                         
200005cc  Crystalstable                  
200005d0  First0                         
200005d4  Done0                          
200005d8  First2                         
200005dc  Done2                          
200005e0  main_count                     
200005e4  __TI_ft_end                    
200005e8  __aeabi_stdin                  
200005ec  __aeabi_stdout                 
200005f0  __aeabi_stderr                 
200005f4  __TI_cleanup_ptr               
200005f8  __TI_dtors_ptr                 
200005fc  __TI_enable_exit_profile_output
20000600  TExaS_ScopeErrLostData         
20000604  TExaS_ScopeErrConflict         
20000608  TExaS_ScopeWrnReconfig         
2000060c  _lock                          
20000610  _unlock                        
2000061c  CaptureTask0                   
20000620  CaptureTask2                   
20000630  SystemCoreClock                
20000634  __CIOBUF_                      
20000754  __TI_tmpnams                   
200007f4  Messageb                       
200007fc  parmbuf                        
20000804  Messageindexb                  
20000808  PeriodicTask2                  
2000080c  Port4Task                      
20000810  Period0                        
20000812  Period2                        
20000814  LogicData                      
2000fe00  __stack                        
20010000  __STACK_END                    
4000480c  WDTCTL_SYM                     
ffffffff  __TI_pprof_out_hndl            
ffffffff  __TI_prof_data_size            
ffffffff  __TI_prof_data_start           
ffffffff  __binit__                      
ffffffff  __c_args__                     
ffffffff  binit                          
UNDEFED   __mpu_init                     
UNDEFED   _system_post_cinit             

[274 symbols]
