******************************************************************************
                  TI ARM Linker PC v20.2.7                     
******************************************************************************
>> Linked Fri Aug 29 14:42:20 2025

OUTPUT FILE NAME:   <Lab1_C_Programming.out>
ENTRY POINT SYMBOL: "_c_int00_noargs"  address: 000008a9


MEMORY CONFIGURATION

         name            origin    length      used     unused   attr    fill
----------------------  --------  ---------  --------  --------  ----  --------
  MAIN                  00000000   00040000  00000938  0003f6c8  R  X
  INFO                  00200000   00004000  00000000  00004000  R  X
  SRAM_CODE             01000000   00010000  0000021c  0000fde4  RW X
  SRAM_DATA             20000000   00010000  0000021c  0000fde4  RW  


SEGMENT ALLOCATION MAP

run origin  load origin   length   init length attrs members
----------  ----------- ---------- ----------- ----- -------
00000000    00000000    00000938   00000938    r-x
  00000000    00000000    000000e4   000000e4    r-- .intvecs
  000000e4    000000e4    0000081c   0000081c    r-x .text
  00000900    00000900    00000018   00000018    r-- .const
  00000918    00000918    00000020   00000020    r-- .cinit
20000000    20000000    0000001c   00000000    rw-
  20000000    20000000    0000001c   00000000    rw- .data
2000fe00    2000fe00    00000200   00000000    rw-
  2000fe00    2000fe00    00000200   00000000    rw- .stack


SECTION ALLOCATION MAP

 output                                  attributes/
section   page    origin      length       input sections
--------  ----  ----------  ----------   ----------------
.intvecs   0    00000000    000000e4     
                  00000000    000000e4     startup_msp432p401r_ccs.obj (.intvecs:retain)

.text      0    000000e4    0000081c     
                  000000e4    0000032c     system_msp432p401r.obj (.text)
                  00000410    000001e0     Clock.obj (.text)
                  000005f0    00000170     main.obj (.text)
                  00000760    0000009c     rtsv7M4_T_le_v4SPD16_eabi.lib : memcpy_t2.asm.obj (.text)
                  000007fc    00000068                                   : copy_decompress_lzss.c.obj (.text:decompress:lzss:__TI_decompress_lzss)
                  00000864    00000044                                   : autoinit.c.obj (.text:__TI_auto_init_nobinit_nopinit:__TI_auto_init_nobinit_nopinit)
                  000008a8    00000034                                   : boot_cortex_m.c.obj (.text:_c_int00_noargs:_c_int00_noargs)
                  000008dc    0000000e                                   : copy_decompress_none.c.obj (.text:decompress:none:__TI_decompress_none)
                  000008ea    0000000e     startup_msp432p401r_ccs.obj (.text)
                  000008f8    00000004     rtsv7M4_T_le_v4SPD16_eabi.lib : pre_init.c.obj (.text:_system_pre_init)
                  000008fc    00000004                                   : exit.c.obj (.text:abort:abort)

.const     0    00000900    00000018     
                  00000900    00000018     main.obj (.const:$P$T0$1)

.cinit     0    00000918    00000020     
                  00000918    0000000d     (.cinit..data.load) [load image, compression = lzss]
                  00000925    00000003     --HOLE-- [fill = 0]
                  00000928    00000008     (__TI_handler_table)
                  00000930    00000008     (__TI_cinit_table)

.init_array 
*          0    00000000    00000000     UNINITIALIZED

.binit     0    00000000    00000000     

.data      0    20000000    0000001c     UNINITIALIZED
                  20000000    00000018     Clock.obj (.data)
                  20000018    00000004     system_msp432p401r.obj (.data)

.stack     0    2000fe00    00000200     UNINITIALIZED
                  2000fe00    00000004     rtsv7M4_T_le_v4SPD16_eabi.lib : boot_cortex_m.c.obj (.stack)
                  2000fe04    000001fc     --HOLE--

__llvm_prf_cnts 
*          0    20000000    00000000     UNINITIALIZED

MODULE SUMMARY

       Module                        code   ro data   rw data
       ------                        ----   -------   -------
    .\
       system_msp432p401r.obj        812    0         8      
       Clock.obj                     480    0         48     
       main.obj                      368    24        0      
       startup_msp432p401r_ccs.obj   14     228       0      
    +--+-----------------------------+------+---------+---------+
       Total:                        1674   252       56     
                                                             
    C:\ti\ccs2020\ccs\tools\compiler\lib\rtsv7M4_T_le_v4SPD16_eabi.lib
       memcpy_t2.asm.obj             156    0         0      
       copy_decompress_lzss.c.obj    104    0         0      
       autoinit.c.obj                68     0         0      
       boot_cortex_m.c.obj           52     0         0      
       copy_decompress_none.c.obj    14     0         0      
       exit.c.obj                    4      0         0      
       pre_init.c.obj                4      0         0      
    +--+-----------------------------+------+---------+---------+
       Total:                        402    0         0      
                                                             
       Stack:                        0      0         1024   
       Linker Generated:             0      29        0      
    +--+-----------------------------+------+---------+---------+
       Grand Total:                  2076   281       1080   


LINKER GENERATED COPY TABLES

__TI_cinit_table @ 00000930 records: 1, size/record: 8, table size: 8
	.data: load addr=00000918, load size=0000000d bytes, run addr=20000000, run size=0000001c bytes, compression=lzss


LINKER GENERATED HANDLER TABLE

__TI_handler_table @ 00000928 records: 2, size/record: 4, table size: 8
	index: 0, handler: __TI_decompress_lzss
	index: 1, handler: __TI_decompress_none


GLOBAL SYMBOLS: SORTED ALPHABETICALLY BY Name 

address   name                          
-------   ----                          
000008f7  ADC14_IRQHandler              
000008f7  AES256_IRQHandler             
00000657  Bit_Manipulation              
00000691  Bit_ShiftExtract              
000008f7  BusFault_Handler              
000008fd  C$$EXIT                       
000008f7  COMP_E0_IRQHandler            
000008f7  COMP_E1_IRQHandler            
20000008  CPMwait                       
000008f7  CS_IRQHandler                 
20000000  ClockFrequency                
00000565  Clock_Delay1ms                
0000053b  Clock_Delay1us                
00000527  Clock_GetFreq                 
00000411  Clock_Init48MHz               
20000014  Crystalstable                 
000008f7  DMA_ERR_IRQHandler            
000008f7  DMA_INT0_IRQHandler           
000008f7  DMA_INT1_IRQHandler           
000008f7  DMA_INT2_IRQHandler           
000008f7  DMA_INT3_IRQHandler           
000008f7  DebugMon_Handler              
000008f7  Default_Handler               
000008f7  EUSCIA0_IRQHandler            
000008f7  EUSCIA1_IRQHandler            
000008f7  EUSCIA2_IRQHandler            
000008f7  EUSCIA3_IRQHandler            
000008f7  EUSCIB0_IRQHandler            
000008f7  EUSCIB1_IRQHandler            
000008f7  EUSCIB2_IRQHandler            
000008f7  EUSCIB3_IRQHandler            
000008f7  FLCTL_IRQHandler              
000008f7  FPU_IRQHandler                
000008f7  HardFault_Handler             
20000010  IFlags                        
000008f7  MemManage_Handler             
000008f7  NMI_Handler                   
000008f7  PCM_IRQHandler                
000008f7  PORT1_IRQHandler              
000008f7  PORT2_IRQHandler              
000008f7  PORT3_IRQHandler              
000008f7  PORT4_IRQHandler              
000008f7  PORT5_IRQHandler              
000008f7  PORT6_IRQHandler              
000008f7  PSS_IRQHandler                
000008f7  PendSV_Handler                
000005f1  Port1_Init                    
000006d7  Port1_Input                   
000006e9  Port1_Output                  
0000060f  Port2_Init                    
000006e3  Port2_Output                  
2000000c  Postwait                      
20000004  Prewait                       
000008f7  RTC_C_IRQHandler              
000008eb  Reset_Handler                 
000008f7  SVC_Handler                   
000008f7  SysTick_Handler               
20000018  SystemCoreClock               
000000e5  SystemCoreClockUpdate         
00000359  SystemInit                    
000008f7  T32_INT1_IRQHandler           
000008f7  T32_INT2_IRQHandler           
000008f7  T32_INTC_IRQHandler           
000008f7  TA0_0_IRQHandler              
000008f7  TA0_N_IRQHandler              
000008f7  TA1_0_IRQHandler              
000008f7  TA1_N_IRQHandler              
000008f7  TA2_0_IRQHandler              
000008f7  TA2_N_IRQHandler              
000008f7  TA3_0_IRQHandler              
000008f7  TA3_N_IRQHandler              
000008f7  UsageFault_Handler            
0000062b  Volatile_KeyWord              
4000480c  WDTCTL_SYM                    
000008f7  WDT_A_IRQHandler              
20010000  __STACK_END                   
00000200  __STACK_SIZE                  
00000930  __TI_CINIT_Base               
00000938  __TI_CINIT_Limit              
00000928  __TI_Handler_Table_Base       
00000930  __TI_Handler_Table_Limit      
00000865  __TI_auto_init_nobinit_nopinit
000007fd  __TI_decompress_lzss          
000008dd  __TI_decompress_none          
ffffffff  __TI_pprof_out_hndl           
ffffffff  __TI_prof_data_size           
ffffffff  __TI_prof_data_start          
00000000  __TI_static_base__            
00000761  __aeabi_memcpy                
00000761  __aeabi_memcpy4               
00000761  __aeabi_memcpy8               
ffffffff  __binit__                     
ffffffff  __c_args__                    
UNDEFED   __mpu_init                    
2000fe00  __stack                       
20000000  __start___llvm_prf_cnts       
20000000  __stop___llvm_prf_cnts        
000008a9  _c_int00_noargs               
UNDEFED   _system_post_cinit            
000008f9  _system_pre_init              
000008fd  abort                         
ffffffff  binit                         
0000052d  delay                         
00000000  interruptVectors              
000006f7  main                          
00000761  memcpy                        


GLOBAL SYMBOLS: SORTED BY Symbol Address 

address   name                          
-------   ----                          
00000000  __TI_static_base__            
00000000  interruptVectors              
000000e5  SystemCoreClockUpdate         
00000200  __STACK_SIZE                  
00000359  SystemInit                    
00000411  Clock_Init48MHz               
00000527  Clock_GetFreq                 
0000052d  delay                         
0000053b  Clock_Delay1us                
00000565  Clock_Delay1ms                
000005f1  Port1_Init                    
0000060f  Port2_Init                    
0000062b  Volatile_KeyWord              
00000657  Bit_Manipulation              
00000691  Bit_ShiftExtract              
000006d7  Port1_Input                   
000006e3  Port2_Output                  
000006e9  Port1_Output                  
000006f7  main                          
00000761  __aeabi_memcpy                
00000761  __aeabi_memcpy4               
00000761  __aeabi_memcpy8               
00000761  memcpy                        
000007fd  __TI_decompress_lzss          
00000865  __TI_auto_init_nobinit_nopinit
000008a9  _c_int00_noargs               
000008dd  __TI_decompress_none          
000008eb  Reset_Handler                 
000008f7  ADC14_IRQHandler              
000008f7  AES256_IRQHandler             
000008f7  BusFault_Handler              
000008f7  COMP_E0_IRQHandler            
000008f7  COMP_E1_IRQHandler            
000008f7  CS_IRQHandler                 
000008f7  DMA_ERR_IRQHandler            
000008f7  DMA_INT0_IRQHandler           
000008f7  DMA_INT1_IRQHandler           
000008f7  DMA_INT2_IRQHandler           
000008f7  DMA_INT3_IRQHandler           
000008f7  DebugMon_Handler              
000008f7  Default_Handler               
000008f7  EUSCIA0_IRQHandler            
000008f7  EUSCIA1_IRQHandler            
000008f7  EUSCIA2_IRQHandler            
000008f7  EUSCIA3_IRQHandler            
000008f7  EUSCIB0_IRQHandler            
000008f7  EUSCIB1_IRQHandler            
000008f7  EUSCIB2_IRQHandler            
000008f7  EUSCIB3_IRQHandler            
000008f7  FLCTL_IRQHandler              
000008f7  FPU_IRQHandler                
000008f7  HardFault_Handler             
000008f7  MemManage_Handler             
000008f7  NMI_Handler                   
000008f7  PCM_IRQHandler                
000008f7  PORT1_IRQHandler              
000008f7  PORT2_IRQHandler              
000008f7  PORT3_IRQHandler              
000008f7  PORT4_IRQHandler              
000008f7  PORT5_IRQHandler              
000008f7  PORT6_IRQHandler              
000008f7  PSS_IRQHandler                
000008f7  PendSV_Handler                
000008f7  RTC_C_IRQHandler              
000008f7  SVC_Handler                   
000008f7  SysTick_Handler               
000008f7  T32_INT1_IRQHandler           
000008f7  T32_INT2_IRQHandler           
000008f7  T32_INTC_IRQHandler           
000008f7  TA0_0_IRQHandler              
000008f7  TA0_N_IRQHandler              
000008f7  TA1_0_IRQHandler              
000008f7  TA1_N_IRQHandler              
000008f7  TA2_0_IRQHandler              
000008f7  TA2_N_IRQHandler              
000008f7  TA3_0_IRQHandler              
000008f7  TA3_N_IRQHandler              
000008f7  UsageFault_Handler            
000008f7  WDT_A_IRQHandler              
000008f9  _system_pre_init              
000008fd  C$$EXIT                       
000008fd  abort                         
00000928  __TI_Handler_Table_Base       
00000930  __TI_CINIT_Base               
00000930  __TI_Handler_Table_Limit      
00000938  __TI_CINIT_Limit              
20000000  ClockFrequency                
20000000  __start___llvm_prf_cnts       
20000000  __stop___llvm_prf_cnts        
20000004  Prewait                       
20000008  CPMwait                       
2000000c  Postwait                      
20000010  IFlags                        
20000014  Crystalstable                 
20000018  SystemCoreClock               
2000fe00  __stack                       
20010000  __STACK_END                   
4000480c  WDTCTL_SYM                    
ffffffff  __TI_pprof_out_hndl           
ffffffff  __TI_prof_data_size           
ffffffff  __TI_prof_data_start          
ffffffff  __binit__                     
ffffffff  __c_args__                    
ffffffff  binit                         
UNDEFED   __mpu_init                    
UNDEFED   _system_post_cinit            

[106 symbols]
