******************************************************************************
                  TI ARM Linker PC v20.2.7                     
******************************************************************************
>> Linked Fri Sep 26 16:28:44 2025

OUTPUT FILE NAME:   <Lab3_TimerCompare_Motor.out>
ENTRY POINT SYMBOL: "_c_int00_noargs"  address: 0000141d


MEMORY CONFIGURATION

         name            origin    length      used     unused   attr    fill
----------------------  --------  ---------  --------  --------  ----  --------
  MAIN                  00000000   00040000  000014ec  0003eb14  R  X
  INFO                  00200000   00004000  00000000  00004000  R  X
  SRAM_CODE             01000000   00010000  00000237  0000fdc9  RW X
  SRAM_DATA             20000000   00010000  00000237  0000fdc9  RW  


SEGMENT ALLOCATION MAP

run origin  load origin   length   init length attrs members
----------  ----------- ---------- ----------- ----- -------
00000000    00000000    000014f0   000014f0    r-x
  00000000    00000000    000000e4   000000e4    r-- .intvecs
  000000e4    000000e4    000013d0   000013d0    r-x .text
  000014b8    000014b8    00000038   00000038    r-- .cinit
20000000    20000000    0000003a   00000000    rw-
  20000000    20000000    00000029   00000000    rw- .data
  2000002c    2000002c    0000000e   00000000    rw- .bss
2000fe00    2000fe00    00000200   00000000    rw-
  2000fe00    2000fe00    00000200   00000000    rw- .stack


SECTION ALLOCATION MAP

 output                                  attributes/
section   page    origin      length       input sections
--------  ----  ----------  ----------   ----------------
.intvecs   0    00000000    000000e4     
                  00000000    000000e4     startup_msp432p401r_ccs.obj (.intvecs:retain)

.text      0    000000e4    000013d0     
                  000000e4    00000630     TExaS.obj (.text)
                  00000714    0000032c     system_msp432p401r.obj (.text)
                  00000a40    000001e0     Clock.obj (.text)
                  00000c20    000001b0     Motor.obj (.text)
                  00000dd0    00000174     Bump.obj (.text)
                  00000f44    00000104     Lab3_Timersmain.obj (.text)
                  00001048    000000f8     LaunchPad.obj (.text)
                  00001140    000000ec     PWM.obj (.text)
                  0000122c    000000a8     TimerA1.obj (.text)
                  000012d4    0000009c     rtsv7M4_T_le_v4SPD16_eabi.lib : memcpy_t2.asm.obj (.text)
                  00001370    00000068                                   : copy_decompress_lzss.c.obj (.text:decompress:lzss:__TI_decompress_lzss)
                  000013d8    00000044                                   : autoinit.c.obj (.text:__TI_auto_init_nobinit_nopinit:__TI_auto_init_nobinit_nopinit)
                  0000141c    00000034                                   : boot_cortex_m.c.obj (.text:_c_int00_noargs:_c_int00_noargs)
                  00001450    00000024     CortexM.obj (.text)
                  00001474    0000001c     rtsv7M4_T_le_v4SPD16_eabi.lib : copy_zero_init.c.obj (.text:decompress:ZI:__TI_zero_init_nomemset:__TI_zero_init_nomemset)
                  00001490    0000000e                                   : copy_decompress_none.c.obj (.text:decompress:none:__TI_decompress_none)
                  0000149e    0000000e     startup_msp432p401r_ccs.obj (.text)
                  000014ac    00000004     rtsv7M4_T_le_v4SPD16_eabi.lib : pre_init.c.obj (.text:_system_pre_init)
                  000014b0    00000004                                   : exit.c.obj (.text:abort:abort)

.cinit     0    000014b8    00000038     
                  000014b8    0000000d     (.cinit..data.load) [load image, compression = lzss]
                  000014c5    00000003     --HOLE-- [fill = 0]
                  000014c8    0000000c     (__TI_handler_table)
                  000014d4    00000004     --HOLE-- [fill = 0]
                  000014d8    00000008     (.cinit..bss.load) [load image, compression = zero_init]
                  000014e0    00000010     (__TI_cinit_table)

.init_array 
*          0    00000000    00000000     UNINITIALIZED

.binit     0    00000000    00000000     

.data      0    20000000    00000029     UNINITIALIZED
                  20000000    00000018     Clock.obj (.data)
                  20000018    0000000c     TExaS.obj (.data)
                  20000024    00000004     system_msp432p401r.obj (.data)
                  20000028    00000001     Lab3_Timersmain.obj (.data)

.bss       0    2000002c    0000000e     UNINITIALIZED
                  2000002c    00000004     (.common:PeriodicTask2)
                  20000030    00000004     (.common:Port4Task)
                  20000034    00000004     (.common:TimerA1Task)
                  20000038    00000001     (.common:LogicData)
                  20000039    00000001     (.common:bump_data)

.stack     0    2000fe00    00000200     UNINITIALIZED
                  2000fe00    00000004     rtsv7M4_T_le_v4SPD16_eabi.lib : boot_cortex_m.c.obj (.stack)
                  2000fe04    000001fc     --HOLE--

__llvm_prf_cnts 
*          0    20000000    00000000     UNINITIALIZED

MODULE SUMMARY

       Module                        code   ro data   rw data
       ------                        ----   -------   -------
    .\
       TExaS.obj                     1584   0         34     
       system_msp432p401r.obj        812    0         8      
       Clock.obj                     480    0         48     
       Motor.obj                     432    0         0      
       Bump.obj                      372    0         8      
       Lab3_Timersmain.obj           260    0         4      
       LaunchPad.obj                 248    0         0      
       startup_msp432p401r_ccs.obj   14     228       0      
       PWM.obj                       236    0         0      
       TimerA1.obj                   168    0         8      
       CortexM.obj                   36     0         0      
    +--+-----------------------------+------+---------+---------+
       Total:                        4642   228       110    
                                                             
    C:\ti\ccs2020\ccs\tools\compiler\lib\rtsv7M4_T_le_v4SPD16_eabi.lib
       memcpy_t2.asm.obj             156    0         0      
       copy_decompress_lzss.c.obj    104    0         0      
       autoinit.c.obj                68     0         0      
       boot_cortex_m.c.obj           52     0         0      
       copy_zero_init.c.obj          28     0         0      
       copy_decompress_none.c.obj    14     0         0      
       exit.c.obj                    4      0         0      
       pre_init.c.obj                4      0         0      
    +--+-----------------------------+------+---------+---------+
       Total:                        430    0         0      
                                                             
       Stack:                        0      0         1024   
       Linker Generated:             0      49        0      
    +--+-----------------------------+------+---------+---------+
       Grand Total:                  5072   277       1134   


LINKER GENERATED COPY TABLES

__TI_cinit_table @ 000014e0 records: 2, size/record: 8, table size: 16
	.data: load addr=000014b8, load size=0000000d bytes, run addr=20000000, run size=00000029 bytes, compression=lzss
	.bss: load addr=000014d8, load size=00000008 bytes, run addr=2000002c, run size=0000000e bytes, compression=zero_init


LINKER GENERATED HANDLER TABLE

__TI_handler_table @ 000014c8 records: 3, size/record: 4, table size: 12
	index: 0, handler: __TI_decompress_lzss
	index: 1, handler: __TI_decompress_none
	index: 2, handler: __TI_zero_init


GLOBAL SYMBOLS: SORTED ALPHABETICALLY BY Name 

address   name                          
-------   ----                          
000014ab  ADC14_IRQHandler              
00000475  ADC_Init                      
000014ab  AES256_IRQHandler             
00000dd1  Bump_Init                     
00000e4b  Bump_Read                     
000014ab  BusFault_Handler              
000014b1  C$$EXIT                       
000014ab  COMP_E0_IRQHandler            
000014ab  COMP_E1_IRQHandler            
20000008  CPMwait                       
000014ab  CS_IRQHandler                 
20000000  ClockFrequency                
00000b95  Clock_Delay1ms                
00000b6b  Clock_Delay1us                
00000b57  Clock_GetFreq                 
00000a41  Clock_Init48MHz               
20000014  Crystalstable                 
000014ab  DMA_ERR_IRQHandler            
000014ab  DMA_INT0_IRQHandler           
000014ab  DMA_INT1_IRQHandler           
000014ab  DMA_INT2_IRQHandler           
000014ab  DMA_INT3_IRQHandler           
000014ab  DebugMon_Handler              
000014ab  Default_Handler               
00001451  DisableInterrupts             
000014ab  EUSCIA0_IRQHandler            
000014ab  EUSCIA1_IRQHandler            
000014ab  EUSCIA2_IRQHandler            
000014ab  EUSCIA3_IRQHandler            
000014ab  EUSCIB0_IRQHandler            
000014ab  EUSCIB1_IRQHandler            
000014ab  EUSCIB2_IRQHandler            
000014ab  EUSCIB3_IRQHandler            
00001457  EnableInterrupts              
00001467  EndCritical                   
000014ab  FLCTL_IRQHandler              
000014ab  FPU_IRQHandler                
000014ab  HardFault_Handler             
20000010  IFlags                        
00001049  LaunchPad_Init                
000010b9  LaunchPad_Input               
000010d7  LaunchPad_LED                 
000010f5  LaunchPad_Output              
000000e5  LogicAnalyzer                 
000000ef  LogicAnalyzer_P1              
000001c5  LogicAnalyzer_P10             
000000fd  LogicAnalyzer_P2              
0000010b  LogicAnalyzer_P2_7654         
0000011b  LogicAnalyzer_P3              
00000129  LogicAnalyzer_P4              
00000147  LogicAnalyzer_P4_765320       
00000137  LogicAnalyzer_P4_765432       
0000017f  LogicAnalyzer_P5              
0000018d  LogicAnalyzer_P6              
0000019b  LogicAnalyzer_P7              
000001a9  LogicAnalyzer_P8              
000001b7  LogicAnalyzer_P9              
20000038  LogicData                     
000014ab  MemManage_Handler             
00000d71  Motor_Backward                
00000ccd  Motor_Forward                 
00000c21  Motor_Init                    
00000d37  Motor_Left                    
00000cfd  Motor_Right                   
00000ca9  Motor_Stop                    
00000f9d  MyBumpHandler                 
000014ab  NMI_Handler                   
000014ab  PCM_IRQHandler                
000014ab  PORT1_IRQHandler              
000014ab  PORT2_IRQHandler              
000014ab  PORT3_IRQHandler              
00000eeb  PORT4_IRQHandler              
00000eeb  PORT4_IRQHandler              
000014ab  PORT5_IRQHandler              
000014ab  PORT6_IRQHandler              
000014ab  PSS_IRQHandler                
000011c5  PWM_Duty3                     
000011e5  PWM_Duty4                     
00001141  PWM_Init34                    
000014ab  PendSV_Handler                
2000002c  PeriodicTask2                 
00000257  PeriodicTask2_Init            
000002d1  PeriodicTask2_Stop            
20000030  Port4Task                     
2000000c  Postwait                      
20000004  Prewait                       
000014ab  RTC_C_IRQHandler              
0000149f  Reset_Handler                 
000014ab  SVC_Handler                   
000001d3  Scope                         
0000145d  StartCritical                 
000014ab  SysTick_Handler               
20000024  SystemCoreClock               
00000715  SystemCoreClockUpdate         
00000989  SystemInit                    
000002c1  T32_INT1_IRQHandler           
000002c1  T32_INT1_IRQHandler           
000014ab  T32_INT2_IRQHandler           
000014ab  T32_INTC_IRQHandler           
000014ab  TA0_0_IRQHandler              
000014ab  TA0_N_IRQHandler              
0000129f  TA1_0_IRQHandler              
0000129f  TA1_0_IRQHandler              
000014ab  TA1_N_IRQHandler              
000014ab  TA2_0_IRQHandler              
000014ab  TA2_N_IRQHandler              
000014ab  TA3_0_IRQHandler              
000014ab  TA3_N_IRQHandler              
00000413  TExaS_Clear0                  
0000041f  TExaS_Clear1                  
0000042b  TExaS_Clear2                  
00000437  TExaS_Clear3                  
00000443  TExaS_Clear4                  
00000445  TExaS_Clear5                  
00000451  TExaS_Clear6                  
00000551  TExaS_Init                    
2000001c  TExaS_ScopeErrConflict        
20000018  TExaS_ScopeErrLostData        
20000020  TExaS_ScopeWrnReconfig        
000003b1  TExaS_Set                     
000003c9  TExaS_Set0                    
000003d5  TExaS_Set1                    
000003e1  TExaS_Set2                    
000003ed  TExaS_Set3                    
000003f9  TExaS_Set4                    
000003fb  TExaS_Set5                    
00000407  TExaS_Set6                    
000006b1  TExaS_Stop                    
00000367  TExaS_Task0                   
00000373  TExaS_Task1                   
0000037f  TExaS_Task2                   
0000038b  TExaS_Task3                   
00000397  TExaS_Task4                   
00000399  TExaS_Task5                   
000003a5  TExaS_Task6                   
00000f65  Task                          
00000f45  TimedPause                    
20000034  TimerA1Task                   
0000122d  TimerA1_Init                  
0000128b  TimerA1_Stop                  
0000033b  UART_InChar                   
000002e1  UART_Init                     
0000034b  UART_OutChar                  
000014ab  UsageFault_Handler            
4000480c  WDTCTL_SYM                    
000014ab  WDT_A_IRQHandler              
0000146f  WaitForInterrupt              
20010000  __STACK_END                   
00000200  __STACK_SIZE                  
000014e0  __TI_CINIT_Base               
000014f0  __TI_CINIT_Limit              
000014c8  __TI_Handler_Table_Base       
000014d4  __TI_Handler_Table_Limit      
000013d9  __TI_auto_init_nobinit_nopinit
00001371  __TI_decompress_lzss          
00001491  __TI_decompress_none          
ffffffff  __TI_pprof_out_hndl           
ffffffff  __TI_prof_data_size           
ffffffff  __TI_prof_data_start          
00000000  __TI_static_base__            
00001475  __TI_zero_init_nomemset       
000012d5  __aeabi_memcpy                
000012d5  __aeabi_memcpy4               
000012d5  __aeabi_memcpy8               
ffffffff  __binit__                     
ffffffff  __c_args__                    
UNDEFED   __mpu_init                    
2000fe00  __stack                       
20000000  __start___llvm_prf_cnts       
20000000  __stop___llvm_prf_cnts        
0000141d  _c_int00_noargs               
UNDEFED   _system_post_cinit            
000014ad  _system_pre_init              
000014b1  abort                         
ffffffff  binit                         
20000039  bump_data                     
00000b5d  delay                         
00000000  interruptVectors              
00000fb1  main                          
000012d5  memcpy                        


GLOBAL SYMBOLS: SORTED BY Symbol Address 

address   name                          
-------   ----                          
00000000  __TI_static_base__            
00000000  interruptVectors              
000000e5  LogicAnalyzer                 
000000ef  LogicAnalyzer_P1              
000000fd  LogicAnalyzer_P2              
0000010b  LogicAnalyzer_P2_7654         
0000011b  LogicAnalyzer_P3              
00000129  LogicAnalyzer_P4              
00000137  LogicAnalyzer_P4_765432       
00000147  LogicAnalyzer_P4_765320       
0000017f  LogicAnalyzer_P5              
0000018d  LogicAnalyzer_P6              
0000019b  LogicAnalyzer_P7              
000001a9  LogicAnalyzer_P8              
000001b7  LogicAnalyzer_P9              
000001c5  LogicAnalyzer_P10             
000001d3  Scope                         
00000200  __STACK_SIZE                  
00000257  PeriodicTask2_Init            
000002c1  T32_INT1_IRQHandler           
000002c1  T32_INT1_IRQHandler           
000002d1  PeriodicTask2_Stop            
000002e1  UART_Init                     
0000033b  UART_InChar                   
0000034b  UART_OutChar                  
00000367  TExaS_Task0                   
00000373  TExaS_Task1                   
0000037f  TExaS_Task2                   
0000038b  TExaS_Task3                   
00000397  TExaS_Task4                   
00000399  TExaS_Task5                   
000003a5  TExaS_Task6                   
000003b1  TExaS_Set                     
000003c9  TExaS_Set0                    
000003d5  TExaS_Set1                    
000003e1  TExaS_Set2                    
000003ed  TExaS_Set3                    
000003f9  TExaS_Set4                    
000003fb  TExaS_Set5                    
00000407  TExaS_Set6                    
00000413  TExaS_Clear0                  
0000041f  TExaS_Clear1                  
0000042b  TExaS_Clear2                  
00000437  TExaS_Clear3                  
00000443  TExaS_Clear4                  
00000445  TExaS_Clear5                  
00000451  TExaS_Clear6                  
00000475  ADC_Init                      
00000551  TExaS_Init                    
000006b1  TExaS_Stop                    
00000715  SystemCoreClockUpdate         
00000989  SystemInit                    
00000a41  Clock_Init48MHz               
00000b57  Clock_GetFreq                 
00000b5d  delay                         
00000b6b  Clock_Delay1us                
00000b95  Clock_Delay1ms                
00000c21  Motor_Init                    
00000ca9  Motor_Stop                    
00000ccd  Motor_Forward                 
00000cfd  Motor_Right                   
00000d37  Motor_Left                    
00000d71  Motor_Backward                
00000dd1  Bump_Init                     
00000e4b  Bump_Read                     
00000eeb  PORT4_IRQHandler              
00000eeb  PORT4_IRQHandler              
00000f45  TimedPause                    
00000f65  Task                          
00000f9d  MyBumpHandler                 
00000fb1  main                          
00001049  LaunchPad_Init                
000010b9  LaunchPad_Input               
000010d7  LaunchPad_LED                 
000010f5  LaunchPad_Output              
00001141  PWM_Init34                    
000011c5  PWM_Duty3                     
000011e5  PWM_Duty4                     
0000122d  TimerA1_Init                  
0000128b  TimerA1_Stop                  
0000129f  TA1_0_IRQHandler              
0000129f  TA1_0_IRQHandler              
000012d5  __aeabi_memcpy                
000012d5  __aeabi_memcpy4               
000012d5  __aeabi_memcpy8               
000012d5  memcpy                        
00001371  __TI_decompress_lzss          
000013d9  __TI_auto_init_nobinit_nopinit
0000141d  _c_int00_noargs               
00001451  DisableInterrupts             
00001457  EnableInterrupts              
0000145d  StartCritical                 
00001467  EndCritical                   
0000146f  WaitForInterrupt              
00001475  __TI_zero_init_nomemset       
00001491  __TI_decompress_none          
0000149f  Reset_Handler                 
000014ab  ADC14_IRQHandler              
000014ab  AES256_IRQHandler             
000014ab  BusFault_Handler              
000014ab  COMP_E0_IRQHandler            
000014ab  COMP_E1_IRQHandler            
000014ab  CS_IRQHandler                 
000014ab  DMA_ERR_IRQHandler            
000014ab  DMA_INT0_IRQHandler           
000014ab  DMA_INT1_IRQHandler           
000014ab  DMA_INT2_IRQHandler           
000014ab  DMA_INT3_IRQHandler           
000014ab  DebugMon_Handler              
000014ab  Default_Handler               
000014ab  EUSCIA0_IRQHandler            
000014ab  EUSCIA1_IRQHandler            
000014ab  EUSCIA2_IRQHandler            
000014ab  EUSCIA3_IRQHandler            
000014ab  EUSCIB0_IRQHandler            
000014ab  EUSCIB1_IRQHandler            
000014ab  EUSCIB2_IRQHandler            
000014ab  EUSCIB3_IRQHandler            
000014ab  FLCTL_IRQHandler              
000014ab  FPU_IRQHandler                
000014ab  HardFault_Handler             
000014ab  MemManage_Handler             
000014ab  NMI_Handler                   
000014ab  PCM_IRQHandler                
000014ab  PORT1_IRQHandler              
000014ab  PORT2_IRQHandler              
000014ab  PORT3_IRQHandler              
000014ab  PORT5_IRQHandler              
000014ab  PORT6_IRQHandler              
000014ab  PSS_IRQHandler                
000014ab  PendSV_Handler                
000014ab  RTC_C_IRQHandler              
000014ab  SVC_Handler                   
000014ab  SysTick_Handler               
000014ab  T32_INT2_IRQHandler           
000014ab  T32_INTC_IRQHandler           
000014ab  TA0_0_IRQHandler              
000014ab  TA0_N_IRQHandler              
000014ab  TA1_N_IRQHandler              
000014ab  TA2_0_IRQHandler              
000014ab  TA2_N_IRQHandler              
000014ab  TA3_0_IRQHandler              
000014ab  TA3_N_IRQHandler              
000014ab  UsageFault_Handler            
000014ab  WDT_A_IRQHandler              
000014ad  _system_pre_init              
000014b1  C$$EXIT                       
000014b1  abort                         
000014c8  __TI_Handler_Table_Base       
000014d4  __TI_Handler_Table_Limit      
000014e0  __TI_CINIT_Base               
000014f0  __TI_CINIT_Limit              
20000000  ClockFrequency                
20000000  __start___llvm_prf_cnts       
20000000  __stop___llvm_prf_cnts        
20000004  Prewait                       
20000008  CPMwait                       
2000000c  Postwait                      
20000010  IFlags                        
20000014  Crystalstable                 
20000018  TExaS_ScopeErrLostData        
2000001c  TExaS_ScopeErrConflict        
20000020  TExaS_ScopeWrnReconfig        
20000024  SystemCoreClock               
2000002c  PeriodicTask2                 
20000030  Port4Task                     
20000034  TimerA1Task                   
20000038  LogicData                     
20000039  bump_data                     
2000fe00  __stack                       
20010000  __STACK_END                   
4000480c  WDTCTL_SYM                    
ffffffff  __TI_pprof_out_hndl           
ffffffff  __TI_prof_data_size           
ffffffff  __TI_prof_data_start          
ffffffff  __binit__                     
ffffffff  __c_args__                    
ffffffff  binit                         
UNDEFED   __mpu_init                    
UNDEFED   _system_post_cinit            

[180 symbols]
